Archive member included to satisfy reference by file (symbol)

c:/program files (x86)/atmel/studio/7.0/toolchain/avr8/avr8-gnu-toolchain/bin/../lib/gcc/avr/5.4.0/../../../../avr/lib/avr5\libm.a(addsf3.o)
                              Display/Display16x2.o (__subsf3)
c:/program files (x86)/atmel/studio/7.0/toolchain/avr8/avr8-gnu-toolchain/bin/../lib/gcc/avr/5.4.0/../../../../avr/lib/avr5\libm.a(addsf3x.o)
                              c:/program files (x86)/atmel/studio/7.0/toolchain/avr8/avr8-gnu-toolchain/bin/../lib/gcc/avr/5.4.0/../../../../avr/lib/avr5\libm.a(addsf3.o) (__addsf3x)
c:/program files (x86)/atmel/studio/7.0/toolchain/avr8/avr8-gnu-toolchain/bin/../lib/gcc/avr/5.4.0/../../../../avr/lib/avr5\libm.a(cmpsf2.o)
                              Mode/SetAmperagedMode.o (__lesf2)
c:/program files (x86)/atmel/studio/7.0/toolchain/avr8/avr8-gnu-toolchain/bin/../lib/gcc/avr/5.4.0/../../../../avr/lib/avr5\libm.a(divsf3.o)
                              Display/Display16x2.o (__divsf3)
c:/program files (x86)/atmel/studio/7.0/toolchain/avr8/avr8-gnu-toolchain/bin/../lib/gcc/avr/5.4.0/../../../../avr/lib/avr5\libm.a(divsf3x.o)
                              c:/program files (x86)/atmel/studio/7.0/toolchain/avr8/avr8-gnu-toolchain/bin/../lib/gcc/avr/5.4.0/../../../../avr/lib/avr5\libm.a(divsf3.o) (__divsf3x)
c:/program files (x86)/atmel/studio/7.0/toolchain/avr8/avr8-gnu-toolchain/bin/../lib/gcc/avr/5.4.0/../../../../avr/lib/avr5\libm.a(fixsfsi.o)
                              CoolerMotor/LinarCoolerMotor.o (__fixsfsi)
c:/program files (x86)/atmel/studio/7.0/toolchain/avr8/avr8-gnu-toolchain/bin/../lib/gcc/avr/5.4.0/../../../../avr/lib/avr5\libm.a(fixunssfsi.o)
                              Mode/SetAmperagedMode.o (__fixunssfsi)
c:/program files (x86)/atmel/studio/7.0/toolchain/avr8/avr8-gnu-toolchain/bin/../lib/gcc/avr/5.4.0/../../../../avr/lib/avr5\libm.a(floatsisf.o)
                              CoolerMotor/LinarCoolerMotor.o (__floatsisf)
c:/program files (x86)/atmel/studio/7.0/toolchain/avr8/avr8-gnu-toolchain/bin/../lib/gcc/avr/5.4.0/../../../../avr/lib/avr5\libm.a(fp_cmp.o)
                              c:/program files (x86)/atmel/studio/7.0/toolchain/avr8/avr8-gnu-toolchain/bin/../lib/gcc/avr/5.4.0/../../../../avr/lib/avr5\libm.a(cmpsf2.o) (__fp_cmp)
c:/program files (x86)/atmel/studio/7.0/toolchain/avr8/avr8-gnu-toolchain/bin/../lib/gcc/avr/5.4.0/../../../../avr/lib/avr5\libm.a(fp_inf.o)
                              c:/program files (x86)/atmel/studio/7.0/toolchain/avr8/avr8-gnu-toolchain/bin/../lib/gcc/avr/5.4.0/../../../../avr/lib/avr5\libm.a(addsf3x.o) (__fp_inf)
c:/program files (x86)/atmel/studio/7.0/toolchain/avr8/avr8-gnu-toolchain/bin/../lib/gcc/avr/5.4.0/../../../../avr/lib/avr5\libm.a(fp_nan.o)
                              c:/program files (x86)/atmel/studio/7.0/toolchain/avr8/avr8-gnu-toolchain/bin/../lib/gcc/avr/5.4.0/../../../../avr/lib/avr5\libm.a(addsf3x.o) (__fp_nan)
c:/program files (x86)/atmel/studio/7.0/toolchain/avr8/avr8-gnu-toolchain/bin/../lib/gcc/avr/5.4.0/../../../../avr/lib/avr5\libm.a(fp_pscA.o)
                              c:/program files (x86)/atmel/studio/7.0/toolchain/avr8/avr8-gnu-toolchain/bin/../lib/gcc/avr/5.4.0/../../../../avr/lib/avr5\libm.a(addsf3x.o) (__fp_pscA)
c:/program files (x86)/atmel/studio/7.0/toolchain/avr8/avr8-gnu-toolchain/bin/../lib/gcc/avr/5.4.0/../../../../avr/lib/avr5\libm.a(fp_pscB.o)
                              c:/program files (x86)/atmel/studio/7.0/toolchain/avr8/avr8-gnu-toolchain/bin/../lib/gcc/avr/5.4.0/../../../../avr/lib/avr5\libm.a(addsf3x.o) (__fp_pscB)
c:/program files (x86)/atmel/studio/7.0/toolchain/avr8/avr8-gnu-toolchain/bin/../lib/gcc/avr/5.4.0/../../../../avr/lib/avr5\libm.a(fp_round.o)
                              c:/program files (x86)/atmel/studio/7.0/toolchain/avr8/avr8-gnu-toolchain/bin/../lib/gcc/avr/5.4.0/../../../../avr/lib/avr5\libm.a(addsf3.o) (__fp_round)
c:/program files (x86)/atmel/studio/7.0/toolchain/avr8/avr8-gnu-toolchain/bin/../lib/gcc/avr/5.4.0/../../../../avr/lib/avr5\libm.a(fp_split3.o)
                              c:/program files (x86)/atmel/studio/7.0/toolchain/avr8/avr8-gnu-toolchain/bin/../lib/gcc/avr/5.4.0/../../../../avr/lib/avr5\libm.a(addsf3x.o) (__fp_split3)
c:/program files (x86)/atmel/studio/7.0/toolchain/avr8/avr8-gnu-toolchain/bin/../lib/gcc/avr/5.4.0/../../../../avr/lib/avr5\libm.a(fp_zero.o)
                              c:/program files (x86)/atmel/studio/7.0/toolchain/avr8/avr8-gnu-toolchain/bin/../lib/gcc/avr/5.4.0/../../../../avr/lib/avr5\libm.a(addsf3x.o) (__fp_zero)
c:/program files (x86)/atmel/studio/7.0/toolchain/avr8/avr8-gnu-toolchain/bin/../lib/gcc/avr/5.4.0/../../../../avr/lib/avr5\libm.a(gesf2.o)
                              Display/Display16x2.o (__gesf2)
c:/program files (x86)/atmel/studio/7.0/toolchain/avr8/avr8-gnu-toolchain/bin/../lib/gcc/avr/5.4.0/../../../../avr/lib/avr5\libm.a(mulsf3.o)
                              CoolerMotor/LinarCoolerMotor.o (__mulsf3)
[...]
Memory Configuration

Name             Origin             Length             Attributes
text             0x00000000         0x00020000         xr
data             0x00800060         0x0000ffa0         rw !x
eeprom           0x00810000         0x00010000         rw !x
fuse             0x00820000         0x00000003         rw !x
lock             0x00830000         0x00000400         rw !x
signature        0x00840000         0x00000400         rw !x
user_signatures  0x00850000         0x00000400         rw !x
*default*        0x00000000         0xffffffff

Linker script and memory map

Address of section .data set to 0x800100
LOAD C:/Program Files (x86)/Atmel/Studio/7.0/Packs/atmel/ATmega_DFP/1.2.209/gcc/dev/atmega328p/avr5/crtatmega328p.o
LOAD CoolerMotor/LinarCoolerMotor.o
LOAD Display/Display16x2.o
LOAD Mode/FanMode.o
LOAD Mode/OFFMode.o
LOAD Mode/PowerMode.o
LOAD Mode/SetAmperagedMode.o
LOAD Mode/SetVoltageMode.o
LOAD Mode/StandardMode.o
LOAD Sketch.o
LOAD src/libraries/DallasTemperature/DallasTemperature.o
LOAD src/libraries/LiquidCrystal_I2C/src/LiquidCrystal_I2C.o
LOAD src/libraries/OneWire/src/OneWire.o
LOAD src/libraries/SimpleTimer/SimpleTimer.o
LOAD src/libraries/Wire/src/utility/twi.o
LOAD src/libraries/Wire/src/Wire.o
START GROUP
LOAD c:/program files (x86)/atmel/studio/7.0/toolchain/avr8/avr8-gnu-toolchain/bin/../lib/gcc/avr/5.4.0/../../../../avr/lib/avr5\libm.a
LOAD R:\AVR\arduino\Power_supply\Code\Power_supply\Power_supply\ArduinoCore\Debug\libArduinoCore.a
END GROUP
LOAD c:/program files (x86)/atmel/studio/7.0/toolchain/avr8/avr8-gnu-toolchain/bin/../lib/gcc/avr/5.4.0/avr5\libgcc.a
LOAD c:/program files (x86)/atmel/studio/7.0/toolchain/avr8/avr8-gnu-toolchain/bin/../lib/gcc/avr/5.4.0/../../../../avr/lib/avr5\libm.a
START GROUP
LOAD c:/program files (x86)/atmel/studio/7.0/toolchain/avr8/avr8-gnu-toolchain/bin/../lib/gcc/avr/5.4.0/avr5\libgcc.a
LOAD c:/program files (x86)/atmel/studio/7.0/toolchain/avr8/avr8-gnu-toolchain/bin/../lib/gcc/avr/5.4.0/../../../../avr/lib/avr5\libm.a
LOAD c:/program files (x86)/atmel/studio/7.0/toolchain/avr8/avr8-gnu-toolchain/bin/../lib/gcc/avr/5.4.0/../../../../avr/lib/avr5\libc.a
LOAD C:/Program Files (x86)/Atmel/Studio/7.0/Packs/atmel/ATmega_DFP/1.2.209/gcc/dev/atmega328p/avr5\libatmega328p.a
END GROUP
                0x00020000                __TEXT_REGION_LENGTH__ = DEFINED (__TEXT_REGION_LENGTH__)?__TEXT_REGION_LENGTH__:0x20000
                0x0000ffa0                __DATA_REGION_LENGTH__ = DEFINED (__DATA_REGION_LENGTH__)?__DATA_REGION_LENGTH__:0xffa0
                0x00010000                __EEPROM_REGION_LENGTH__ = DEFINED (__EEPROM_REGION_LENGTH__)?__EEPROM_REGION_LENGTH__:0x10000
                [0x00000003]                __FUSE_REGION_LENGTH__ = DEFINED (__FUSE_REGION_LENGTH__)?__FUSE_REGION_LENGTH__:0x400
                0x00000400                __LOCK_REGION_LENGTH__ = DEFINED (__LOCK_REGION_LENGTH__)?__LOCK_REGION_LENGTH__:0x400
                0x00000400                __SIGNATURE_REGION_LENGTH__ = DEFINED (__SIGNATURE_REGION_LENGTH__)?__SIGNATURE_REGION_LENGTH__:0x400
                0x00000400                __USER_SIGNATURE_REGION_LENGTH__ = DEFINED (__USER_SIGNATURE_REGION_LENGTH__)?__USER_SIGNATURE_REGION_LENGTH__:0x400

.hash
 *(.hash)

.dynsym
 *(.dynsym)

.dynstr
 *(.dynstr)

.gnu.version
 *(.gnu.version)

.gnu.version_d
 *(.gnu.version_d)

.gnu.version_r
 *(.gnu.version_r)

.rel.init
 *(.rel.init)

.rela.init
 *(.rela.init)

.rel.text
 *(.rel.text)
 *(.rel.text.*)
 *(.rel.gnu.linkonce.t*)

.rela.text
 *(.rela.text)
 *(.rela.text.*)
 *(.rela.gnu.linkonce.t*)

.rel.fini
 *(.rel.fini)

.rela.fini
 *(.rela.fini)

.rel.rodata
 *(.rel.rodata)
 *(.rel.rodata.*)
 *(.rel.gnu.linkonce.r*)

.rela.rodata
 *(.rela.rodata)
 *(.rela.rodata.*)
 *(.rela.gnu.linkonce.r*)

.rel.data
 *(.rel.data)
 *(.rel.data.*)
 *(.rel.gnu.linkonce.d*)

.rela.data
 *(.rela.data)
 *(.rela.data.*)
 *(.rela.gnu.linkonce.d*)

.rel.ctors
 *(.rel.ctors)

.rela.ctors
 *(.rela.ctors)

.rel.dtors
 *(.rel.dtors)

.rela.dtors
 *(.rela.dtors)

.rel.got
 *(.rel.got)

.rela.got
 *(.rela.got)

.rel.bss
 *(.rel.bss)

.rela.bss
 *(.rela.bss)

.rel.plt
 *(.rel.plt)

.rela.plt
 *(.rela.plt)

.text           0x00000000     0x46a6
 *(.vectors)
 .vectors       0x00000000       0x68 C:/Program Files (x86)/Atmel/Studio/7.0/Packs/atmel/ATmega_DFP/1.2.209/gcc/dev/atmega328p/avr5/crtatmega328p.o
                0x00000000                __vector_default
                0x00000000                __vectors
 *(.vectors)
 *(.progmem.gcc*)
                0x00000068                . = ALIGN (0x2)
                0x00000068                __trampolines_start = .
 *(.trampolines)
 .trampolines   0x00000068        0x0 linker stubs
 *(.trampolines*)
                0x00000068                __trampolines_end = .
 *libprintf_flt.a:*(.progmem.data)
 *libc.a:*(.progmem.data)
 *(.progmem*)
 .progmem.data._ZL15dscrc2x16_table
                0x00000068       0x20 src/libraries/OneWire/src/OneWire.o
 .progmem.data.digital_pin_to_timer_PGM
                0x00000088       0x14 R:\AVR\arduino\Power_supply\Code\Power_supply\Power_supply\ArduinoCore\Debug\libArduinoCore.a(wiring_digital.o)
                0x00000088                digital_pin_to_timer_PGM
 .progmem.data.digital_pin_to_bit_mask_PGM
                0x0000009c       0x14 R:\AVR\arduino\Power_supply\Code\Power_supply\Power_supply\ArduinoCore\Debug\libArduinoCore.a(wiring_digital.o)
                0x0000009c                digital_pin_to_bit_mask_PGM
 .progmem.data.digital_pin_to_port_PGM
                0x000000b0       0x14 R:\AVR\arduino\Power_supply\Code\Power_supply\Power_supply\ArduinoCore\Debug\libArduinoCore.a(wiring_digital.o)
                0x000000b0                digital_pin_to_port_PGM
 .progmem.data.port_to_input_PGM
                0x000000c4        0xa R:\AVR\arduino\Power_supply\Code\Power_supply\Power_supply\ArduinoCore\Debug\libArduinoCore.a(wiring_digital.o)
                0x000000c4                port_to_input_PGM
 .progmem.data.port_to_output_PGM
                0x000000ce        0xa R:\AVR\arduino\Power_supply\Code\Power_supply\Power_supply\ArduinoCore\Debug\libArduinoCore.a(wiring_digital.o)
                0x000000ce                port_to_output_PGM
 .progmem.data.port_to_mode_PGM
                0x000000d8        0xa R:\AVR\arduino\Power_supply\Code\Power_supply\Power_supply\ArduinoCore\Debug\libArduinoCore.a(wiring_digital.o)
                0x000000d8                port_to_mode_PGM
                0x000000e2                . = ALIGN (0x2)
 *(.jumptables)
 *(.jumptables*)
 *(.lowtext)
 *(.lowtext*)
                0x000000e2                __ctors_start = .
 *(.ctors)
 .ctors         0x000000e2        0x2 src/libraries/Wire/src/Wire.o
                0x000000e4                __ctors_end = .
                0x000000e4                __dtors_start = .
 *(.dtors)
                0x000000e4                __dtors_end = .
 SORT(*)(.ctors)
 SORT(*)(.dtors)
 *(.init0)
 .init0         0x000000e4        0x0 C:/Program Files (x86)/Atmel/Studio/7.0/Packs/atmel/ATmega_DFP/1.2.209/gcc/dev/atmega328p/avr5/crtatmega328p.o
                0x000000e4                __init
 *(.init0)
 *(.init1)
 *(.init1)
 *(.init2)
 .init2         0x000000e4        0xc C:/Program Files (x86)/Atmel/Studio/7.0/Packs/atmel/ATmega_DFP/1.2.209/gcc/dev/atmega328p/avr5/crtatmega328p.o
 *(.init2)
 *(.init3)
 *(.init3)
 *(.init4)
 .init4         0x000000f0       0x16 c:/program files (x86)/atmel/studio/7.0/toolchain/avr8/avr8-gnu-toolchain/bin/../lib/gcc/avr/5.4.0/avr5\libgcc.a(_copy_data.o)
                0x000000f0                __do_copy_data
 .init4         0x00000106       0x10 c:/program files (x86)/atmel/studio/7.0/toolchain/avr8/avr8-gnu-toolchain/bin/../lib/gcc/avr/5.4.0/avr5\libgcc.a(_clear_bss.o)
                0x00000106                __do_clear_bss
 *(.init4)
 *(.init5)
 *(.init5)
 *(.init6)
 .init6         0x00000116       0x16 c:/program files (x86)/atmel/studio/7.0/toolchain/avr8/avr8-gnu-toolchain/bin/../lib/gcc/avr/5.4.0/avr5\libgcc.a(_ctors.o)
                0x00000116                __do_global_ctors
 *(.init6)
 *(.init7)
 *(.init7)
 *(.init8)
 *(.init8)
 *(.init9)
 .init9         0x0000012c        0x8 C:/Program Files (x86)/Atmel/Studio/7.0/Packs/atmel/ATmega_DFP/1.2.209/gcc/dev/atmega328p/avr5/crtatmega328p.o
 *(.init9)
 *(.text)
 .text          0x00000134        0x4 C:/Program Files (x86)/Atmel/Studio/7.0/Packs/atmel/ATmega_DFP/1.2.209/gcc/dev/atmega328p/avr5/crtatmega328p.o
                0x00000134                __vector_22
                0x00000134                __vector_12
                0x00000134                __bad_interrupt
                0x00000134                __vector_6
                0x00000134                __vector_3
                0x00000134                __vector_23
                0x00000134                __vector_25
                0x00000134                __vector_11
                0x00000134                __vector_13
                0x00000134                __vector_17
                0x00000134                __vector_19
                0x00000134                __vector_7
                0x00000134                __vector_5
                0x00000134                __vector_4
                0x00000134                __vector_9
                0x00000134                __vector_21
                0x00000134                __vector_15
                0x00000134                __vector_8
                0x00000134                __vector_14
                0x00000134                __vector_10
                0x00000134                __vector_18
                0x00000134                __vector_20
                0x00000138                . = ALIGN (0x2)
 *(.text.*)
 .text._ZN16LinarCoolerMotorD2Ev
                0x00000138        0x2 CoolerMotor/LinarCoolerMotor.o
                0x00000138                _ZN16LinarCoolerMotorD2Ev
                0x00000138                _ZN16LinarCoolerMotorD1Ev
 .text._ZN16LinarCoolerMotor15GetPowerProcentEv
                0x0000013a       0x1e CoolerMotor/LinarCoolerMotor.o
                0x0000013a                _ZN16LinarCoolerMotor15GetPowerProcentEv
 .text._ZN16LinarCoolerMotorD0Ev
                0x00000158        0x4 CoolerMotor/LinarCoolerMotor.o
                0x00000158                _ZN16LinarCoolerMotorD0Ev
 .text._ZN16LinarCoolerMotor6UpdateEi
                0x0000015c       0x54 CoolerMotor/LinarCoolerMotor.o
                0x0000015c                _ZN16LinarCoolerMotor6UpdateEi
 .text._ZN16LinarCoolerMotorC2Ei
                0x000001b0       0x4a CoolerMotor/LinarCoolerMotor.o
                0x000001b0                _ZN16LinarCoolerMotorC1Ei
                0x000001b0                _ZN16LinarCoolerMotorC2Ei
 .text._ZN11Display16x25WriteEi
                0x000001fa       0x18 Display/Display16x2.o
                0x000001fa                _ZN11Display16x25WriteEi
 .text._ZN11Display16x2D2Ev
                0x00000212        0x2 Display/Display16x2.o
                0x00000212                _ZN11Display16x2D1Ev
                0x00000212                _ZN11Display16x2D2Ev
 .text._ZN11Display16x25ClearEv
                0x00000214        0xa Display/Display16x2.o
                0x00000214                _ZN11Display16x25ClearEv
 .text._ZN11Display16x29SetCursorEii
                0x0000021e        0xa Display/Display16x2.o
                0x0000021e                _ZN11Display16x29SetCursorEii
 .text._ZN11Display16x211InitDisplayEPKc
                0x00000228       0x76 Display/Display16x2.o
                0x00000228                _ZN11Display16x211InitDisplayEPKc
 .text._ZN11Display16x28OffPrintEv
                0x0000029e       0x2a Display/Display16x2.o
                0x0000029e                _ZN11Display16x28OffPrintEv
 .text._ZN11Display16x29ModePrintE8ModeEnum
                0x000002c8       0x82 Display/Display16x2.o
                0x000002c8                _ZN11Display16x29ModePrintE8ModeEnum
 .text._ZN11Display16x25PrintEPKc
                0x0000034a        0xa Display/Display16x2.o
                0x0000034a                _ZN11Display16x25PrintEPKc
 .text._ZN11Display16x216PrintProgressBarEii
                0x00000354      0x102 Display/Display16x2.o
                0x00000354                _ZN11Display16x216PrintProgressBarEii
 .text._ZN11Display16x216TemperaturePrintEf
                0x00000456       0xda Display/Display16x2.o
                0x00000456                _ZN11Display16x216TemperaturePrintEf
 .text._ZN11Display16x215MemoryReadPrintEi
                0x00000530       0x4e Display/Display16x2.o
                0x00000530                _ZN11Display16x215MemoryReadPrintEi
 .text._ZN11Display16x215MemorySavePrintEi
                0x0000057e       0x4e Display/Display16x2.o
                0x0000057e                _ZN11Display16x215MemorySavePrintEi
 .text._ZN11Display16x25PrintEi
                0x000005cc        0xe Display/Display16x2.o
                0x000005cc                _ZN11Display16x25PrintEi
 .text._ZN11Display16x2D0Ev
                0x000005da        0x4 Display/Display16x2.o
                0x000005da                _ZN11Display16x2D0Ev
 .text._ZN8IDisplay16ValueToDisplyStrEi.isra.1
                0x000005de       0x7e Display/Display16x2.o
 .text._ZN11Display16x221PrintTempAndFunStatusEii
                0x0000065c      0x12a Display/Display16x2.o
                0x0000065c                _ZN11Display16x221PrintTempAndFunStatusEii
 .text._ZN8IDisplay16ValueToDisplyStrEf
                0x00000786      0x15c Display/Display16x2.o
                0x00000786                _ZN8IDisplay16ValueToDisplyStrEf
 .text._ZN11Display16x213VoltagesPrintEff
                0x000008e2       0x96 Display/Display16x2.o
                0x000008e2                _ZN11Display16x213VoltagesPrintEff
 .text._ZN11Display16x210PowerPrintEf
                0x00000978       0x8e Display/Display16x2.o
                0x00000978                _ZN11Display16x210PowerPrintEf
 .text._ZN11Display16x214AmperagedPrintEff
                0x00000a06       0xfa Display/Display16x2.o
                0x00000a06                _ZN11Display16x214AmperagedPrintEff
 .text._ZN11Display16x2C2Ev
                0x00000b00        0xc Display/Display16x2.o
                0x00000b00                _ZN11Display16x2C1Ev
                0x00000b00                _ZN11Display16x2C2Ev
 .text._ZN7FanModeD2Ev
                0x00000b0c        0x2 Mode/FanMode.o
                0x00000b0c                _ZN7FanModeD2Ev
                0x00000b0c                _ZN7FanModeD1Ev
 .text._ZN7FanMode11GetTypeModeEv
                0x00000b0e        0x6 Mode/FanMode.o
                0x00000b0e                _ZN7FanMode11GetTypeModeEv
 .text._ZN7FanMode10PrintStateEv
                0x00000b14       0x18 Mode/FanMode.o
                0x00000b14                _ZN7FanMode10PrintStateEv
 .text._ZN7FanMode7ReadADCEv
                0x00000b2c        0x2 Mode/FanMode.o
                0x00000b2c                _ZN7FanMode7ReadADCEv
                0x00000b2c                _ZN7FanMode10ReadEEPROMEv
                0x00000b2c                _ZN7FanMode21DecrementEncoderValueEv
                0x00000b2c                _ZN7FanMode21IncrementEncoderValueEv
                0x00000b2c                _ZN7FanMode10SaveEEPROMEv
 .text._ZN7FanMode8WritePWMEv
                0x00000b2e       0x26 Mode/FanMode.o
                0x00000b2e                _ZN7FanMode8WritePWMEv
 .text._ZN7FanMode9PrintModeEv
                0x00000b54       0x72 Mode/FanMode.o
                0x00000b54                _ZN7FanMode9PrintModeEv
 .text._ZN7FanMode15ReadPWMInEepromE10ButtonEnum
                0x00000bc6        0x2 Mode/FanMode.o
                0x00000bc6                _ZN7FanMode15ReadPWMInEepromE10ButtonEnum
                0x00000bc6                _ZN7FanMode15SavePWMInEepromE10ButtonEnum
 .text._ZN7FanModeD0Ev
                0x00000bc8        0x4 Mode/FanMode.o
                0x00000bc8                _ZN7FanModeD0Ev
 .text._ZN7FanModeC2EP8IDisplayPi
                0x00000bcc       0x74 Mode/FanMode.o
                0x00000bcc                _ZN7FanModeC2EP8IDisplayPi
                0x00000bcc                _ZN7FanModeC1EP8IDisplayPi
 .text._ZN7OFFModeD2Ev
                0x00000c40        0x2 Mode/OFFMode.o
                0x00000c40                _ZN7OFFModeD1Ev
                0x00000c40                _ZN7OFFModeD2Ev
 .text._ZN7OFFMode9PrintModeEv
                0x00000c42        0x2 Mode/OFFMode.o
                0x00000c42                _ZN7OFFMode21DecrementEncoderValueEv
                0x00000c42                _ZN7OFFMode10ReadEEPROMEv
                0x00000c42                _ZN7OFFMode7ReadADCEv
                0x00000c42                _ZN7OFFMode9PrintModeEv
                0x00000c42                _ZN7OFFMode21IncrementEncoderValueEv
                0x00000c42                _ZN7OFFMode8WritePWMEv
                0x00000c42                _ZN7OFFMode10SaveEEPROMEv
 .text._ZN7OFFMode15ReadPWMInEepromE10ButtonEnum
                0x00000c44        0x2 Mode/OFFMode.o
                0x00000c44                _ZN7OFFMode15ReadPWMInEepromE10ButtonEnum
                0x00000c44                _ZN7OFFMode15SavePWMInEepromE10ButtonEnum
 .text._ZN7OFFMode11GetTypeModeEv
                0x00000c46        0x6 Mode/OFFMode.o
                0x00000c46                _ZN7OFFMode11GetTypeModeEv
 .text._ZN7OFFMode10PrintStateEv
                0x00000c4c       0x18 Mode/OFFMode.o
                0x00000c4c                _ZN7OFFMode10PrintStateEv
 .text._ZN7OFFModeD0Ev
                0x00000c64        0x4 Mode/OFFMode.o
                0x00000c64                _ZN7OFFModeD0Ev
 .text._ZN7OFFModeC2EP8IDisplay
                0x00000c68       0x48 Mode/OFFMode.o
                0x00000c68                _ZN7OFFModeC1EP8IDisplay
                0x00000c68                _ZN7OFFModeC2EP8IDisplay
 .text._ZN9PowerModeD2Ev
                0x00000cb0        0x2 Mode/PowerMode.o
                0x00000cb0                _ZN9PowerModeD1Ev
                0x00000cb0                _ZN9PowerModeD2Ev
 .text._ZN9PowerMode11GetTypeModeEv
                0x00000cb2        0x6 Mode/PowerMode.o
                0x00000cb2                _ZN9PowerMode11GetTypeModeEv
 .text._ZN9PowerMode10PrintStateEv
                0x00000cb8       0x42 Mode/PowerMode.o
                0x00000cb8                _ZN9PowerMode10PrintStateEv
 .text._ZN9PowerMode9PrintModeEv
                0x00000cfa        0x2 Mode/PowerMode.o
                0x00000cfa                _ZN9PowerMode21IncrementEncoderValueEv
                0x00000cfa                _ZN9PowerMode10SaveEEPROMEv
                0x00000cfa                _ZN9PowerMode9PrintModeEv
                0x00000cfa                _ZN9PowerMode8WritePWMEv
                0x00000cfa                _ZN9PowerMode21DecrementEncoderValueEv
                0x00000cfa                _ZN9PowerMode10ReadEEPROMEv
                0x00000cfa                _ZN9PowerMode7ReadADCEv
 .text._ZN9PowerMode15ReadPWMInEepromE10ButtonEnum
                0x00000cfc        0x2 Mode/PowerMode.o
                0x00000cfc                _ZN9PowerMode15SavePWMInEepromE10ButtonEnum
                0x00000cfc                _ZN9PowerMode15ReadPWMInEepromE10ButtonEnum
 .text._ZN9PowerModeD0Ev
                0x00000cfe        0x4 Mode/PowerMode.o
                0x00000cfe                _ZN9PowerModeD0Ev
 .text._ZN9PowerModeC2EP5IModeS1_P8IDisplay
                0x00000d02       0x5c Mode/PowerMode.o
                0x00000d02                _ZN9PowerModeC1EP5IModeS1_P8IDisplay
                0x00000d02                _ZN9PowerModeC2EP5IModeS1_P8IDisplay
 .text._ZN16SetAmperagedModeD2Ev
                0x00000d5e        0x2 Mode/SetAmperagedMode.o
                0x00000d5e                _ZN16SetAmperagedModeD2Ev
                0x00000d5e                _ZN16SetAmperagedModeD1Ev
 .text._ZN16SetAmperagedMode21IncrementEncoderValueEv
                0x00000d60       0x16 Mode/SetAmperagedMode.o
                0x00000d60                _ZN16SetAmperagedMode21IncrementEncoderValueEv
 .text._ZN16SetAmperagedMode21DecrementEncoderValueEv
                0x00000d76       0x16 Mode/SetAmperagedMode.o
                0x00000d76                _ZN16SetAmperagedMode21DecrementEncoderValueEv
 .text._ZN16SetAmperagedMode11GetTypeModeEv
                0x00000d8c        0x6 Mode/SetAmperagedMode.o
                0x00000d8c                _ZN16SetAmperagedMode11GetTypeModeEv
 .text._ZN16SetAmperagedMode10PrintStateEv
                0x00000d92       0x2e Mode/SetAmperagedMode.o
                0x00000d92                _ZN16SetAmperagedMode10PrintStateEv
 .text._ZN16SetAmperagedMode9PrintModeEv
                0x00000dc0       0x36 Mode/SetAmperagedMode.o
                0x00000dc0                _ZN16SetAmperagedMode9PrintModeEv
 .text._ZN16SetAmperagedMode15ReadPWMInEepromE10ButtonEnum
                0x00000df6        0x2 Mode/SetAmperagedMode.o
                0x00000df6                _ZN16SetAmperagedMode15SavePWMInEepromE10ButtonEnum
                0x00000df6                _ZN16SetAmperagedMode15ReadPWMInEepromE10ButtonEnum
 .text._ZN16SetAmperagedModeD0Ev
                0x00000df8        0x4 Mode/SetAmperagedMode.o
                0x00000df8                _ZN16SetAmperagedModeD0Ev
 .text._ZN16SetAmperagedMode8WritePWMEv
                0x00000dfc        0xc Mode/SetAmperagedMode.o
                0x00000dfc                _ZN16SetAmperagedMode8WritePWMEv
 .text._ZN16SetAmperagedMode10SaveEEPROMEv
                0x00000e08       0x2a Mode/SetAmperagedMode.o
                0x00000e08                _ZN16SetAmperagedMode10SaveEEPROMEv
 .text._ZN16SetAmperagedMode10ReadEEPROMEv
                0x00000e32       0x24 Mode/SetAmperagedMode.o
                0x00000e32                _ZN16SetAmperagedMode10ReadEEPROMEv
 .text._ZN5IMode10ReadMedianEii
                0x00000e56       0xee Mode/SetAmperagedMode.o
                0x00000e56                _ZN5IMode10ReadMedianEii
 .text._ZN16SetAmperagedMode7ReadADCEv
                0x00000f44       0xb8 Mode/SetAmperagedMode.o
                0x00000f44                _ZN16SetAmperagedMode7ReadADCEv
 .text._ZN16SetAmperagedModeC2EiiiiP8IDisplay
                0x00000ffc       0xc8 Mode/SetAmperagedMode.o
                0x00000ffc                _ZN16SetAmperagedModeC2EiiiiP8IDisplay
                0x00000ffc                _ZN16SetAmperagedModeC1EiiiiP8IDisplay
 .text._ZN14SetVoltageModeD2Ev
                0x000010c4        0x2 Mode/SetVoltageMode.o
                0x000010c4                _ZN14SetVoltageModeD1Ev
                0x000010c4                _ZN14SetVoltageModeD2Ev
 .text._ZN14SetVoltageMode21IncrementEncoderValueEv
                0x000010c6       0x16 Mode/SetVoltageMode.o
                0x000010c6                _ZN14SetVoltageMode21IncrementEncoderValueEv
 .text._ZN14SetVoltageMode21DecrementEncoderValueEv
                0x000010dc       0x16 Mode/SetVoltageMode.o
                0x000010dc                _ZN14SetVoltageMode21DecrementEncoderValueEv
 .text._ZN14SetVoltageMode11GetTypeModeEv
                0x000010f2        0x6 Mode/SetVoltageMode.o
                0x000010f2                _ZN14SetVoltageMode11GetTypeModeEv
 .text._ZN14SetVoltageMode10PrintStateEv
                0x000010f8       0x56 Mode/SetVoltageMode.o
                0x000010f8                _ZN14SetVoltageMode10PrintStateEv
 .text._ZN14SetVoltageMode9PrintModeEv
                0x0000114e       0x1c Mode/SetVoltageMode.o
                0x0000114e                _ZN14SetVoltageMode9PrintModeEv
 .text._ZN14SetVoltageModeD0Ev
                0x0000116a        0x4 Mode/SetVoltageMode.o
                0x0000116a                _ZN14SetVoltageModeD0Ev
 .text._ZN14SetVoltageMode7ReadADCEv
                0x0000116e       0xd8 Mode/SetVoltageMode.o
                0x0000116e                _ZN14SetVoltageMode7ReadADCEv
 .text._ZN14SetVoltageMode8WritePWMEv
                0x00001246        0xc Mode/SetVoltageMode.o
                0x00001246                _ZN14SetVoltageMode8WritePWMEv
 .text._ZN14SetVoltageMode15ReadPWMInEepromE10ButtonEnum
                0x00001252       0x7c Mode/SetVoltageMode.o
                0x00001252                _ZN14SetVoltageMode15ReadPWMInEepromE10ButtonEnum
 .text._ZN14SetVoltageMode10ReadEEPROMEv
                0x000012ce       0x1a Mode/SetVoltageMode.o
                0x000012ce                _ZN14SetVoltageMode10ReadEEPROMEv
 .text._ZN5EERef6updateEh
                0x000012e8       0x32 Mode/SetVoltageMode.o
                0x000012e8                _ZN5EERef6updateEh
 .text._ZN14SetVoltageMode15SavePWMInEepromE10ButtonEnum
                0x0000131a       0x88 Mode/SetVoltageMode.o
                0x0000131a                _ZN14SetVoltageMode15SavePWMInEepromE10ButtonEnum
 .text._ZN14SetVoltageMode10SaveEEPROMEv
                0x000013a2       0x34 Mode/SetVoltageMode.o
                0x000013a2                _ZN14SetVoltageMode10SaveEEPROMEv
 .text._ZN14SetVoltageModeC2EiiP8IDisplay
                0x000013d6       0x6a Mode/SetVoltageMode.o
                0x000013d6                _ZN14SetVoltageModeC2EiiP8IDisplay
                0x000013d6                _ZN14SetVoltageModeC1EiiP8IDisplay
 .text._ZN12StandardModeD2Ev
                0x00001440        0x2 Mode/StandardMode.o
                0x00001440                _ZN12StandardModeD1Ev
                0x00001440                _ZN12StandardModeD2Ev
 .text._ZN12StandardMode11GetTypeModeEv
                0x00001442        0x6 Mode/StandardMode.o
                0x00001442                _ZN12StandardMode11GetTypeModeEv
 .text._ZN12StandardMode9PrintModeEv
                0x00001448       0x36 Mode/StandardMode.o
                0x00001448                _ZN12StandardMode9PrintModeEv
 .text._ZN12StandardMode8WritePWMEv
                0x0000147e        0x2 Mode/StandardMode.o
                0x0000147e                _ZN12StandardMode7ReadADCEv
                0x0000147e                _ZN12StandardMode8WritePWMEv
                0x0000147e                _ZN12StandardMode21IncrementEncoderValueEv
                0x0000147e                _ZN12StandardMode21DecrementEncoderValueEv
                0x0000147e                _ZN12StandardMode10ReadEEPROMEv
                0x0000147e                _ZN12StandardMode10PrintStateEv
                0x0000147e                _ZN12StandardMode10SaveEEPROMEv
 .text._ZN12StandardMode15ReadPWMInEepromE10ButtonEnum
                0x00001480        0x2 Mode/StandardMode.o
                0x00001480                _ZN12StandardMode15SavePWMInEepromE10ButtonEnum
                0x00001480                _ZN12StandardMode15ReadPWMInEepromE10ButtonEnum
 .text._ZN12StandardModeD0Ev
                0x00001482        0x4 Mode/StandardMode.o
                0x00001482                _ZN12StandardModeD0Ev
 .text._ZN12StandardModeC2EP8IDisplay
                0x00001486       0x48 Mode/StandardMode.o
                0x00001486                _ZN12StandardModeC2EP8IDisplay
                0x00001486                _ZN12StandardModeC1EP8IDisplay
 .text._Z19CheckMaxTemperaturev
                0x000014ce       0xc2 Sketch.o
                0x000014ce                _Z19CheckMaxTemperaturev
 .text._Z22SavePWMVoltageInEepromv
                0x00001590       0x3a Sketch.o
                0x00001590                _Z22SavePWMVoltageInEepromv
 .text.setup    0x000015ca      0x2fa Sketch.o
                0x000015ca                setup
 .text._Z13OnPowerSeplayv
                0x000018c4       0x5c Sketch.o
                0x000018c4                _Z13OnPowerSeplayv
 .text._Z22ReadPWMVoltageInEeprom10ButtonEnum
                0x00001920       0x42 Sketch.o
                0x00001920                _Z22ReadPWMVoltageInEeprom10ButtonEnum
 .text._Z7ReadADCv
                0x00001962       0x34 Sketch.o
                0x00001962                _Z7ReadADCv
 .text._Z21IncrementEncoderValuev
                0x00001996       0x16 Sketch.o
                0x00001996                _Z21IncrementEncoderValuev
 .text._Z21DecrementEncoderValuev
                0x000019ac       0x16 Sketch.o
                0x000019ac                _Z21DecrementEncoderValuev
 .text._Z13EncoderUpdatev
                0x000019c2       0x40 Sketch.o
                0x000019c2                _Z13EncoderUpdatev
 .text._Z21SaveModeValueInEepromv
                0x00001a02       0x16 Sketch.o
                0x00001a02                _Z21SaveModeValueInEepromv
 .text._Z15SelectModeResetv
                0x00001a18       0x68 Sketch.o
                0x00001a18                _Z15SelectModeResetv
 .text._Z13ModeSelectionv
                0x00001a80       0x82 Sketch.o
                0x00001a80                _Z13ModeSelectionv
 .text._Z16RegEncoderButtonv
                0x00001b02       0xe6 Sketch.o
                0x00001b02                _Z16RegEncoderButtonv
 .text._Z15OnButtonUpClick10ButtonEnum
                0x00001be8       0x18 Sketch.o
                0x00001be8                _Z15OnButtonUpClick10ButtonEnum
 .text._Z15PressButtonTimev
                0x00001c00       0x2e Sketch.o
                0x00001c00                _Z15PressButtonTimev
 .text._Z17OnButtonDownClick10ButtonEnum
                0x00001c2e       0x62 Sketch.o
                0x00001c2e                _Z17OnButtonDownClick10ButtonEnum
 .text._Z14GetButtonClickv
                0x00001c90       0x80 Sketch.o
                0x00001c90                _Z14GetButtonClickv
 .text.loop     0x00001d10      0x142 Sketch.o
                0x00001d10                loop
 .text._ZN17DallasTemperature11validFamilyEPKh
                0x00001e52       0x24 src/libraries/DallasTemperature/DallasTemperature.o
                0x00001e52                _ZN17DallasTemperature11validFamilyEPKh
 .text._ZN17DallasTemperature10setOneWireEP7OneWire
                0x00001e76       0x18 src/libraries/DallasTemperature/DallasTemperature.o
                0x00001e76                _ZN17DallasTemperature10setOneWireEP7OneWire
 .text._ZN17DallasTemperatureC2EP7OneWire
                0x00001e8e       0x14 src/libraries/DallasTemperature/DallasTemperature.o
                0x00001e8e                _ZN17DallasTemperatureC1EP7OneWire
                0x00001e8e                _ZN17DallasTemperatureC2EP7OneWire
 .text._ZN17DallasTemperature12validAddressEPKh
                0x00001ea2       0x1e src/libraries/DallasTemperature/DallasTemperature.o
                0x00001ea2                _ZN17DallasTemperature12validAddressEPKh
 .text._ZN17DallasTemperature10getAddressEPhh
                0x00001ec0       0x56 src/libraries/DallasTemperature/DallasTemperature.o
                0x00001ec0                _ZN17DallasTemperature10getAddressEPhh
 .text._ZN17DallasTemperature14readScratchPadEPKhPh
                0x00001f16       0x76 src/libraries/DallasTemperature/DallasTemperature.o
                0x00001f16                _ZN17DallasTemperature14readScratchPadEPKhPh
 .text._ZN17DallasTemperature11isConnectedEPKhPh
                0x00001f8c       0x26 src/libraries/DallasTemperature/DallasTemperature.o
                0x00001f8c                _ZN17DallasTemperature11isConnectedEPKhPh
 .text._ZN17DallasTemperature15readPowerSupplyEPKh
                0x00001fb2       0x4c src/libraries/DallasTemperature/DallasTemperature.o
                0x00001fb2                _ZN17DallasTemperature15readPowerSupplyEPKh
 .text._ZN17DallasTemperature13getResolutionEPKh
                0x00001ffe       0x64 src/libraries/DallasTemperature/DallasTemperature.o
                0x00001ffe                _ZN17DallasTemperature13getResolutionEPKh
 .text._ZN17DallasTemperature5beginEv
                0x00002062       0xd4 src/libraries/DallasTemperature/DallasTemperature.o
                0x00002062                _ZN17DallasTemperature5beginEv
 .text._ZN17DallasTemperature20setWaitForConversionEb
                0x00002136        0x6 src/libraries/DallasTemperature/DallasTemperature.o
                0x00002136                _ZN17DallasTemperature20setWaitForConversionEb
 .text._ZN17DallasTemperature20isConversionCompleteEv
                0x0000213c       0x16 src/libraries/DallasTemperature/DallasTemperature.o
                0x0000213c                _ZN17DallasTemperature20isConversionCompleteEv
 .text._ZN17DallasTemperature27blockTillConversionCompleteEh
                0x00002152       0xb6 src/libraries/DallasTemperature/DallasTemperature.o
                0x00002152                _ZN17DallasTemperature27blockTillConversionCompleteEh
 .text._ZN17DallasTemperature19requestTemperaturesEv
                0x00002208       0x3a src/libraries/DallasTemperature/DallasTemperature.o
                0x00002208                _ZN17DallasTemperature19requestTemperaturesEv
 .text._ZN17DallasTemperature20calculateTemperatureEPKhPh
                0x00002242       0x5c src/libraries/DallasTemperature/DallasTemperature.o
                0x00002242                _ZN17DallasTemperature20calculateTemperatureEPKhPh
 .text._ZN17DallasTemperature7getTempEPKh
                0x0000229e       0x5c src/libraries/DallasTemperature/DallasTemperature.o
                0x0000229e                _ZN17DallasTemperature7getTempEPKh
 .text._ZN17DallasTemperature8getTempCEPKh
                0x000022fa       0x30 src/libraries/DallasTemperature/DallasTemperature.o
                0x000022fa                _ZN17DallasTemperature8getTempCEPKh
 .text._ZN17DallasTemperature15getTempCByIndexEh
                0x0000232a       0x56 src/libraries/DallasTemperature/DallasTemperature.o
                0x0000232a                _ZN17DallasTemperature15getTempCByIndexEh
 .text._ZN5Print17availableForWriteEv
                0x00002380        0x6 src/libraries/LiquidCrystal_I2C/src/LiquidCrystal_I2C.o
                0x00002380                _ZN5Print17availableForWriteEv
 .text._ZN5Print5flushEv
                0x00002386        0x2 src/libraries/LiquidCrystal_I2C/src/LiquidCrystal_I2C.o
                0x00002386                _ZN5Print5flushEv
 .text._ZN17LiquidCrystal_I2CC2Ehhhh
                0x00002388       0x20 src/libraries/LiquidCrystal_I2C/src/LiquidCrystal_I2C.o
                0x00002388                _ZN17LiquidCrystal_I2CC2Ehhhh
                0x00002388                _ZN17LiquidCrystal_I2CC1Ehhhh
 .text._ZN17LiquidCrystal_I2C13expanderWriteEh
                0x000023a8       0x2e src/libraries/LiquidCrystal_I2C/src/LiquidCrystal_I2C.o
                0x000023a8                _ZN17LiquidCrystal_I2C13expanderWriteEh
 .text._ZN17LiquidCrystal_I2C11pulseEnableEh
                0x000023d6       0x30 src/libraries/LiquidCrystal_I2C/src/LiquidCrystal_I2C.o
                0x000023d6                _ZN17LiquidCrystal_I2C11pulseEnableEh
 .text._ZN17LiquidCrystal_I2C10write4bitsEh
                0x00002406       0x1c src/libraries/LiquidCrystal_I2C/src/LiquidCrystal_I2C.o
                0x00002406                _ZN17LiquidCrystal_I2C10write4bitsEh
 .text._ZN17LiquidCrystal_I2C4sendEhh
                0x00002422       0x2e src/libraries/LiquidCrystal_I2C/src/LiquidCrystal_I2C.o
                0x00002422                _ZN17LiquidCrystal_I2C4sendEhh
 .text._ZN17LiquidCrystal_I2C7commandEh
                0x00002450        0x6 src/libraries/LiquidCrystal_I2C/src/LiquidCrystal_I2C.o
                0x00002450                _ZN17LiquidCrystal_I2C7commandEh
 .text._ZN17LiquidCrystal_I2C5clearEv
                0x00002456        0xe src/libraries/LiquidCrystal_I2C/src/LiquidCrystal_I2C.o
                0x00002456                _ZN17LiquidCrystal_I2C5clearEv
 .text._ZN17LiquidCrystal_I2C4homeEv
                0x00002464        0xe src/libraries/LiquidCrystal_I2C/src/LiquidCrystal_I2C.o
                0x00002464                _ZN17LiquidCrystal_I2C4homeEv
 .text._ZN17LiquidCrystal_I2C9setCursorEhh
                0x00002472       0x5c src/libraries/LiquidCrystal_I2C/src/LiquidCrystal_I2C.o
                0x00002472                _ZN17LiquidCrystal_I2C9setCursorEhh
 .text._ZN17LiquidCrystal_I2C7displayEv
                0x000024ce       0x10 src/libraries/LiquidCrystal_I2C/src/LiquidCrystal_I2C.o
                0x000024ce                _ZN17LiquidCrystal_I2C7displayEv
 .text._ZN17LiquidCrystal_I2C5writeEh
                0x000024de        0xc src/libraries/LiquidCrystal_I2C/src/LiquidCrystal_I2C.o
                0x000024de                _ZN17LiquidCrystal_I2C5writeEh
 .text._ZN17LiquidCrystal_I2C5beginEv
                0x000024ea       0xb2 src/libraries/LiquidCrystal_I2C/src/LiquidCrystal_I2C.o
                0x000024ea                _ZN17LiquidCrystal_I2C5beginEv
 .text._ZN7OneWire5resetEv
                0x0000259c       0x7e src/libraries/OneWire/src/OneWire.o
                0x0000259c                _ZN7OneWire5resetEv
 .text._ZN7OneWire9write_bitEh
                0x0000261a       0x66 src/libraries/OneWire/src/OneWire.o
                0x0000261a                _ZN7OneWire9write_bitEh
 .text._ZN7OneWire8read_bitEv
                0x00002680       0x56 src/libraries/OneWire/src/OneWire.o
                0x00002680                _ZN7OneWire8read_bitEv
 .text._ZN7OneWire5writeEhh
                0x000026d6       0x68 src/libraries/OneWire/src/OneWire.o
                0x000026d6                _ZN7OneWire5writeEhh
 .text._ZN7OneWire4readEv
                0x0000273e       0x38 src/libraries/OneWire/src/OneWire.o
                0x0000273e                _ZN7OneWire4readEv
 .text._ZN7OneWire6selectEPKh
                0x00002776       0x3e src/libraries/OneWire/src/OneWire.o
                0x00002776                _ZN7OneWire6selectEPKh
 .text._ZN7OneWire4skipEv
                0x000027b4        0x8 src/libraries/OneWire/src/OneWire.o
                0x000027b4                _ZN7OneWire4skipEv
 .text._ZN7OneWire12reset_searchEv
                0x000027bc       0x18 src/libraries/OneWire/src/OneWire.o
                0x000027bc                _ZN7OneWire12reset_searchEv
 .text._ZN7OneWire5beginEh
                0x000027d4       0x46 src/libraries/OneWire/src/OneWire.o
                0x000027d4                _ZN7OneWire5beginEh
 .text._ZN7OneWire6searchEPhb
                0x0000281a      0x10e src/libraries/OneWire/src/OneWire.o
                0x0000281a                _ZN7OneWire6searchEPhb
 .text._ZN7OneWire4crc8EPKhh
                0x00002928       0x30 src/libraries/OneWire/src/OneWire.o
                0x00002928                _ZN7OneWire4crc8EPKhh
 .text._ZN11SimpleTimerC2Ev
                0x00002958       0x64 src/libraries/SimpleTimer/SimpleTimer.o
                0x00002958                _ZN11SimpleTimerC1Ev
                0x00002958                _ZN11SimpleTimerC2Ev
 .text._ZN11SimpleTimer17findFirstFreeSlotEv
                0x000029bc       0x34 src/libraries/SimpleTimer/SimpleTimer.o
                0x000029bc                _ZN11SimpleTimer17findFirstFreeSlotEv
 .text._ZN11SimpleTimer8setTimerElPFvvEi
                0x000029f0       0xb2 src/libraries/SimpleTimer/SimpleTimer.o
                0x000029f0                _ZN11SimpleTimer8setTimerElPFvvEi
 .text._ZN11SimpleTimer11setIntervalElPFvvE
                0x00002aa2       0x12 src/libraries/SimpleTimer/SimpleTimer.o
                0x00002aa2                _ZN11SimpleTimer11setIntervalElPFvvE
 .text._ZN11SimpleTimer11deleteTimerEi
                0x00002ab4       0x7e src/libraries/SimpleTimer/SimpleTimer.o
                0x00002ab4                _ZN11SimpleTimer11deleteTimerEi
 .text._ZN11SimpleTimer3runEv
                0x00002b32      0x18a src/libraries/SimpleTimer/SimpleTimer.o
                0x00002b32                _ZN11SimpleTimer3runEv
 .text._ZN11SimpleTimer12restartTimerEi
                0x00002cbc       0x34 src/libraries/SimpleTimer/SimpleTimer.o
                0x00002cbc                _ZN11SimpleTimer12restartTimerEi
 .text.twi_init
                0x00002cf0       0x3c src/libraries/Wire/src/utility/twi.o
                0x00002cf0                twi_init
 .text.twi_writeTo
                0x00002d2c       0xac src/libraries/Wire/src/utility/twi.o
                0x00002d2c                twi_writeTo
 .text.twi_transmit
                0x00002dd8       0x50 src/libraries/Wire/src/utility/twi.o
                0x00002dd8                twi_transmit
 .text.twi_stop
                0x00002e28       0x14 src/libraries/Wire/src/utility/twi.o
                0x00002e28                twi_stop
 .text.twi_releaseBus
                0x00002e3c        0xc src/libraries/Wire/src/utility/twi.o
                0x00002e3c                twi_releaseBus
 .text.__vector_24
                0x00002e48      0x25a src/libraries/Wire/src/utility/twi.o
                0x00002e48                __vector_24
 .text._ZN7TwoWire9availableEv
                0x000030a2       0x10 src/libraries/Wire/src/Wire.o
                0x000030a2                _ZN7TwoWire9availableEv
 .text._ZN7TwoWire4readEv
                0x000030b2       0x28 src/libraries/Wire/src/Wire.o
                0x000030b2                _ZN7TwoWire4readEv
 .text._ZN7TwoWire4peekEv
                0x000030da       0x1e src/libraries/Wire/src/Wire.o
                0x000030da                _ZN7TwoWire4peekEv
 .text._ZN7TwoWire5flushEv
                0x000030f8        0x2 src/libraries/Wire/src/Wire.o
                0x000030f8                _ZN7TwoWire5flushEv
 .text._ZN7TwoWire5writeEPKhj
                0x000030fa       0x5a src/libraries/Wire/src/Wire.o
                0x000030fa                _ZN7TwoWire5writeEPKhj
 .text._ZN7TwoWire5writeEh
                0x00003154       0x5e src/libraries/Wire/src/Wire.o
                0x00003154                _ZN7TwoWire5writeEh
 .text._ZN7TwoWireC2Ev
                0x000031b2       0x20 src/libraries/Wire/src/Wire.o
                0x000031b2                _ZN7TwoWireC1Ev
                0x000031b2                _ZN7TwoWireC2Ev
 .text._ZN7TwoWire5beginEv
                0x000031d2       0x14 src/libraries/Wire/src/Wire.o
                0x000031d2                _ZN7TwoWire5beginEv
 .text._ZN7TwoWire17beginTransmissionEh
                0x000031e6       0x14 src/libraries/Wire/src/Wire.o
                0x000031e6                _ZN7TwoWire17beginTransmissionEh
 .text._ZN7TwoWire15endTransmissionEh
                0x000031fa       0x26 src/libraries/Wire/src/Wire.o
                0x000031fa                _ZN7TwoWire15endTransmissionEh
 .text._ZN7TwoWire15endTransmissionEv
                0x00003220        0x6 src/libraries/Wire/src/Wire.o
                0x00003220                _ZN7TwoWire15endTransmissionEv
 .text.startup._GLOBAL__sub_I__ZN7TwoWire8rxBufferE
                0x00003226        0x8 src/libraries/Wire/src/Wire.o
 .text.avr-libc.fplib
                0x0000322e        0xe c:/program files (x86)/atmel/studio/7.0/toolchain/avr8/avr8-gnu-toolchain/bin/../lib/gcc/avr/5.4.0/../../../../avr/lib/avr5\libm.a(addsf3.o)
                0x0000322e                __subsf3
                0x00003230                __addsf3
 .text.avr-libc.fplib
                0x0000323c       0xcc c:/program files (x86)/atmel/studio/7.0/toolchain/avr8/avr8-gnu-toolchain/bin/../lib/gcc/avr/5.4.0/../../../../avr/lib/avr5\libm.a(addsf3x.o)
                0x0000325e                __addsf3x
 .text.avr-libc.fplib
                0x00003308        0xa c:/program files (x86)/atmel/studio/7.0/toolchain/avr8/avr8-gnu-toolchain/bin/../lib/gcc/avr/5.4.0/../../../../avr/lib/avr5\libm.a(cmpsf2.o)
                0x00003308                __nesf2
                0x00003308                __eqsf2
                0x00003308                __cmpsf2
                0x00003308                __ltsf2
                0x00003308                __lesf2
 .text.avr-libc.fplib
                0x00003312        0x8 c:/program files (x86)/atmel/studio/7.0/toolchain/avr8/avr8-gnu-toolchain/bin/../lib/gcc/avr/5.4.0/../../../../avr/lib/avr5\libm.a(divsf3.o)
                0x00003312                __divsf3
 .text.avr-libc.fplib
                0x0000331a       0xdc c:/program files (x86)/atmel/studio/7.0/toolchain/avr8/avr8-gnu-toolchain/bin/../lib/gcc/avr/5.4.0/../../../../avr/lib/avr5\libm.a(divsf3x.o)
                0x0000333a                __divsf3x
                0x00003340                __divsf3_pse
 .text.avr-libc.fplib
                0x000033f6        0xe c:/program files (x86)/atmel/studio/7.0/toolchain/avr8/avr8-gnu-toolchain/bin/../lib/gcc/avr/5.4.0/../../../../avr/lib/avr5\libm.a(fixsfsi.o)
                0x000033f6                __fixsfsi
 .text.avr-libc.fplib
                0x00003404       0x5e c:/program files (x86)/atmel/studio/7.0/toolchain/avr8/avr8-gnu-toolchain/bin/../lib/gcc/avr/5.4.0/../../../../avr/lib/avr5\libm.a(fixunssfsi.o)
                0x00003404                __fixunssfsi
 .text.avr-libc.fplib
                0x00003462       0x7a c:/program files (x86)/atmel/studio/7.0/toolchain/avr8/avr8-gnu-toolchain/bin/../lib/gcc/avr/5.4.0/../../../../avr/lib/avr5\libm.a(floatsisf.o)
                0x00003462                __floatunsisf
                0x00003466                __floatsisf
 .text.avr-libc.fplib
                0x000034dc       0x48 c:/program files (x86)/atmel/studio/7.0/toolchain/avr8/avr8-gnu-toolchain/bin/../lib/gcc/avr/5.4.0/../../../../avr/lib/avr5\libm.a(fp_cmp.o)
                0x000034dc                __fp_cmp
 .text.avr-libc.fplib
                0x00003524        0xc c:/program files (x86)/atmel/studio/7.0/toolchain/avr8/avr8-gnu-toolchain/bin/../lib/gcc/avr/5.4.0/../../../../avr/lib/avr5\libm.a(fp_inf.o)
                0x00003524                __fp_inf
 .text.avr-libc.fplib
                0x00003530        0x6 c:/program files (x86)/atmel/studio/7.0/toolchain/avr8/avr8-gnu-toolchain/bin/../lib/gcc/avr/5.4.0/../../../../avr/lib/avr5\libm.a(fp_nan.o)
                0x00003530                __fp_nan
 .text.avr-libc.fplib
                0x00003536        0xe c:/program files (x86)/atmel/studio/7.0/toolchain/avr8/avr8-gnu-toolchain/bin/../lib/gcc/avr/5.4.0/../../../../avr/lib/avr5\libm.a(fp_pscA.o)
                0x00003536                __fp_pscA
 .text.avr-libc.fplib
                0x00003544        0xe c:/program files (x86)/atmel/studio/7.0/toolchain/avr8/avr8-gnu-toolchain/bin/../lib/gcc/avr/5.4.0/../../../../avr/lib/avr5\libm.a(fp_pscB.o)
                0x00003544                __fp_pscB
 .text.avr-libc.fplib
                0x00003552       0x22 c:/program files (x86)/atmel/studio/7.0/toolchain/avr8/avr8-gnu-toolchain/bin/../lib/gcc/avr/5.4.0/../../../../avr/lib/avr5\libm.a(fp_round.o)
                0x00003552                __fp_round
 .text.avr-libc.fplib
                0x00003574       0x44 c:/program files (x86)/atmel/studio/7.0/toolchain/avr8/avr8-gnu-toolchain/bin/../lib/gcc/avr/5.4.0/../../../../avr/lib/avr5\libm.a(fp_split3.o)
                0x00003574                __fp_split3
                0x00003584                __fp_splitA
 .text.avr-libc.fplib
                0x000035b8        0xe c:/program files (x86)/atmel/studio/7.0/toolchain/avr8/avr8-gnu-toolchain/bin/../lib/gcc/avr/5.4.0/../../../../avr/lib/avr5\libm.a(fp_zero.o)
                0x000035b8                __fp_zero
                0x000035ba                __fp_szero
 .text.avr-libc.fplib
                0x000035c6        0xa c:/program files (x86)/atmel/studio/7.0/toolchain/avr8/avr8-gnu-toolchain/bin/../lib/gcc/avr/5.4.0/../../../../avr/lib/avr5\libm.a(gesf2.o)
                0x000035c6                __gesf2
                0x000035c6                __gtsf2
 .text.avr-libc.fplib
                0x000035d0        0x8 c:/program files (x86)/atmel/studio/7.0/toolchain/avr8/avr8-gnu-toolchain/bin/../lib/gcc/avr/5.4.0/../../../../avr/lib/avr5\libm.a(mulsf3.o)
                0x000035d0                __mulsf3
 .text.avr-libc.fplib
                0x000035d8       0xd2 c:/program files (x86)/atmel/studio/7.0/toolchain/avr8/avr8-gnu-toolchain/bin/../lib/gcc/avr/5.4.0/../../../../avr/lib/avr5\libm.a(mulsf3x.o)
                0x000035f6                __mulsf3x
                0x000035fc                __mulsf3_pse
 .text.initVariant
                0x000036aa        0x2 R:\AVR\arduino\Power_supply\Code\Power_supply\Power_supply\ArduinoCore\Debug\libArduinoCore.a(main.o)
                0x000036aa                initVariant
 .text.startup.main
                0x000036ac       0x1e R:\AVR\arduino\Power_supply\Code\Power_supply\Power_supply\ArduinoCore\Debug\libArduinoCore.a(main.o)
                0x000036ac                main
 .text._Znwj    0x000036ca        0x4 R:\AVR\arduino\Power_supply\Code\Power_supply\Power_supply\ArduinoCore\Debug\libArduinoCore.a(new.o)
                0x000036ca                _Znwj
 .text._Znaj    0x000036ce        0x4 R:\AVR\arduino\Power_supply\Code\Power_supply\Power_supply\ArduinoCore\Debug\libArduinoCore.a(new.o)
                0x000036ce                _Znaj
 .text._ZdlPv   0x000036d2        0x4 R:\AVR\arduino\Power_supply\Code\Power_supply\Power_supply\ArduinoCore\Debug\libArduinoCore.a(new.o)
                0x000036d2                _ZdlPv
 .text._ZN5Print5writeEPKhj
                0x000036d6       0x54 R:\AVR\arduino\Power_supply\Code\Power_supply\Power_supply\ArduinoCore\Debug\libArduinoCore.a(Print.o)
                0x000036d6                _ZN5Print5writeEPKhj
 .text._ZN5Print5writeEPKc
                0x0000372a       0x2a R:\AVR\arduino\Power_supply\Code\Power_supply\Power_supply\ArduinoCore\Debug\libArduinoCore.a(Print.o)
                0x0000372a                _ZN5Print5writeEPKc
 .text._ZN5Print5printERK6String
                0x00003754       0x1c R:\AVR\arduino\Power_supply\Code\Power_supply\Power_supply\ArduinoCore\Debug\libArduinoCore.a(Print.o)
                0x00003754                _ZN5Print5printERK6String
 .text._ZN5Print5printEPKc
                0x00003770        0x4 R:\AVR\arduino\Power_supply\Code\Power_supply\Power_supply\ArduinoCore\Debug\libArduinoCore.a(Print.o)
                0x00003770                _ZN5Print5printEPKc
 .text._ZN5Print5printEc
                0x00003774        0xe R:\AVR\arduino\Power_supply\Code\Power_supply\Power_supply\ArduinoCore\Debug\libArduinoCore.a(Print.o)
                0x00003774                _ZN5Print5printEc
 .text._ZN5Print11printNumberEmh
                0x00003782       0x92 R:\AVR\arduino\Power_supply\Code\Power_supply\Power_supply\ArduinoCore\Debug\libArduinoCore.a(Print.o)
                0x00003782                _ZN5Print11printNumberEmh
 .text._ZN5Print5printEli
                0x00003814       0x90 R:\AVR\arduino\Power_supply\Code\Power_supply\Power_supply\ArduinoCore\Debug\libArduinoCore.a(Print.o)
                0x00003814                _ZN5Print5printEli
 .text._ZN5Print5printEii
                0x000038a4        0xe R:\AVR\arduino\Power_supply\Code\Power_supply\Power_supply\ArduinoCore\Debug\libArduinoCore.a(Print.o)
                0x000038a4                _ZN5Print5printEii
 .text.nothing  0x000038b2        0x2 R:\AVR\arduino\Power_supply\Code\Power_supply\Power_supply\ArduinoCore\Debug\libArduinoCore.a(WInterrupts.o)
 .text.attachInterrupt
                0x000038b4       0x40 R:\AVR\arduino\Power_supply\Code\Power_supply\Power_supply\ArduinoCore\Debug\libArduinoCore.a(WInterrupts.o)
                0x000038b4                attachInterrupt
 .text.__vector_1
                0x000038f4       0x4e R:\AVR\arduino\Power_supply\Code\Power_supply\Power_supply\ArduinoCore\Debug\libArduinoCore.a(WInterrupts.o)
                0x000038f4                __vector_1
 .text.__vector_2
                0x00003942       0x4e R:\AVR\arduino\Power_supply\Code\Power_supply\Power_supply\ArduinoCore\Debug\libArduinoCore.a(WInterrupts.o)
                0x00003942                __vector_2
 .text.__vector_16
                0x00003990       0x94 R:\AVR\arduino\Power_supply\Code\Power_supply\Power_supply\ArduinoCore\Debug\libArduinoCore.a(wiring.o)
                0x00003990                __vector_16
 .text.millis   0x00003a24       0x18 R:\AVR\arduino\Power_supply\Code\Power_supply\Power_supply\ArduinoCore\Debug\libArduinoCore.a(wiring.o)
                0x00003a24                millis
 .text.micros   0x00003a3c       0x4a R:\AVR\arduino\Power_supply\Code\Power_supply\Power_supply\ArduinoCore\Debug\libArduinoCore.a(wiring.o)
                0x00003a3c                micros
 .text.delay    0x00003a86       0x78 R:\AVR\arduino\Power_supply\Code\Power_supply\Power_supply\ArduinoCore\Debug\libArduinoCore.a(wiring.o)
                0x00003a86                delay
 .text.delayMicroseconds
                0x00003afe       0x16 R:\AVR\arduino\Power_supply\Code\Power_supply\Power_supply\ArduinoCore\Debug\libArduinoCore.a(wiring.o)
                0x00003afe                delayMicroseconds
 .text.init     0x00003b14       0x76 R:\AVR\arduino\Power_supply\Code\Power_supply\Power_supply\ArduinoCore\Debug\libArduinoCore.a(wiring.o)
                0x00003b14                init
 .text.analogRead
                0x00003b8a       0x3a R:\AVR\arduino\Power_supply\Code\Power_supply\Power_supply\ArduinoCore\Debug\libArduinoCore.a(wiring_analog.o)
                0x00003b8a                analogRead
 .text.analogWrite
                0x00003bc4       0xbe R:\AVR\arduino\Power_supply\Code\Power_supply\Power_supply\ArduinoCore\Debug\libArduinoCore.a(wiring_analog.o)
                0x00003bc4                analogWrite
 .text.turnOffPWM
                0x00003c82       0x52 R:\AVR\arduino\Power_supply\Code\Power_supply\Power_supply\ArduinoCore\Debug\libArduinoCore.a(wiring_digital.o)
 .text.pinMode  0x00003cd4       0x78 R:\AVR\arduino\Power_supply\Code\Power_supply\Power_supply\ArduinoCore\Debug\libArduinoCore.a(wiring_digital.o)
                0x00003cd4                pinMode
 .text.digitalWrite
                0x00003d4c       0x5e R:\AVR\arduino\Power_supply\Code\Power_supply\Power_supply\ArduinoCore\Debug\libArduinoCore.a(wiring_digital.o)
                0x00003d4c                digitalWrite
 .text.digitalRead
                0x00003daa       0x52 R:\AVR\arduino\Power_supply\Code\Power_supply\Power_supply\ArduinoCore\Debug\libArduinoCore.a(wiring_digital.o)
                0x00003daa                digitalRead
 .text._ZNK6String14StringIfHelperEv
                0x00003dfc        0x2 R:\AVR\arduino\Power_supply\Code\Power_supply\Power_supply\ArduinoCore\Debug\libArduinoCore.a(WString.o)
                0x00003dfc                _ZNK6String14StringIfHelperEv
 .text._ZN6StringD2Ev
                0x00003dfe        0xa R:\AVR\arduino\Power_supply\Code\Power_supply\Power_supply\ArduinoCore\Debug\libArduinoCore.a(WString.o)
                0x00003dfe                _ZN6StringD2Ev
                0x00003dfe                _ZN6StringD1Ev
 .text._ZN6String10invalidateEv
                0x00003e08       0x24 R:\AVR\arduino\Power_supply\Code\Power_supply\Power_supply\ArduinoCore\Debug\libArduinoCore.a(WString.o)
                0x00003e08                _ZN6String10invalidateEv
 .text._ZN6String12changeBufferEj
                0x00003e2c       0x34 R:\AVR\arduino\Power_supply\Code\Power_supply\Power_supply\ArduinoCore\Debug\libArduinoCore.a(WString.o)
                0x00003e2c                _ZN6String12changeBufferEj
 .text._ZN6String7reserveEj
                0x00003e60       0x38 R:\AVR\arduino\Power_supply\Code\Power_supply\Power_supply\ArduinoCore\Debug\libArduinoCore.a(WString.o)
                0x00003e60                _ZN6String7reserveEj
 .text._ZN6String4copyEPKcj
                0x00003e98       0x42 R:\AVR\arduino\Power_supply\Code\Power_supply\Power_supply\ArduinoCore\Debug\libArduinoCore.a(WString.o)
                0x00003e98                _ZN6String4copyEPKcj
 .text._ZN6StringC2EPKc
                0x00003eda       0x2a R:\AVR\arduino\Power_supply\Code\Power_supply\Power_supply\ArduinoCore\Debug\libArduinoCore.a(WString.o)
                0x00003eda                _ZN6StringC2EPKc
                0x00003eda                _ZN6StringC1EPKc
 .text._ZN6String4moveERS_
                0x00003f04       0x7a R:\AVR\arduino\Power_supply\Code\Power_supply\Power_supply\ArduinoCore\Debug\libArduinoCore.a(WString.o)
                0x00003f04                _ZN6String4moveERS_
 .text._ZN6StringaSERKS_
                0x00003f7e       0x2e R:\AVR\arduino\Power_supply\Code\Power_supply\Power_supply\ArduinoCore\Debug\libArduinoCore.a(WString.o)
                0x00003f7e                _ZN6StringaSERKS_
 .text._ZN6StringaSEOS_
                0x00003fac       0x18 R:\AVR\arduino\Power_supply\Code\Power_supply\Power_supply\ArduinoCore\Debug\libArduinoCore.a(WString.o)
                0x00003fac                _ZN6StringaSEOS_
 .text._ZN6StringaSEPKc
                0x00003fc4       0x2e R:\AVR\arduino\Power_supply\Code\Power_supply\Power_supply\ArduinoCore\Debug\libArduinoCore.a(WString.o)
                0x00003fc4                _ZN6StringaSEPKc
 .text._ZN6StringC2Eih
                0x00003ff2       0x58 R:\AVR\arduino\Power_supply\Code\Power_supply\Power_supply\ArduinoCore\Debug\libArduinoCore.a(WString.o)
                0x00003ff2                _ZN6StringC2Eih
                0x00003ff2                _ZN6StringC1Eih
 .text._ZN6String6concatEPKcj
                0x0000404a       0x5c R:\AVR\arduino\Power_supply\Code\Power_supply\Power_supply\ArduinoCore\Debug\libArduinoCore.a(WString.o)
                0x0000404a                _ZN6String6concatEPKcj
 .text._ZN6String6concatERKS_
                0x000040a6        0xe R:\AVR\arduino\Power_supply\Code\Power_supply\Power_supply\ArduinoCore\Debug\libArduinoCore.a(WString.o)
                0x000040a6                _ZN6String6concatERKS_
 .text._ZN6String6concatEPKc
                0x000040b4       0x1e R:\AVR\arduino\Power_supply\Code\Power_supply\Power_supply\ArduinoCore\Debug\libArduinoCore.a(WString.o)
                0x000040b4                _ZN6String6concatEPKc
 .text._ZplRK15StringSumHelperRK6String
                0x000040d2       0x26 R:\AVR\arduino\Power_supply\Code\Power_supply\Power_supply\ArduinoCore\Debug\libArduinoCore.a(WString.o)
                0x000040d2                _ZplRK15StringSumHelperRK6String
 .text.__empty  0x000040f8        0x2 R:\AVR\arduino\Power_supply\Code\Power_supply\Power_supply\ArduinoCore\Debug\libArduinoCore.a(hooks.o)
                0x000040f8                yield
 .text.libgcc.div
                0x000040fa       0x28 c:/program files (x86)/atmel/studio/7.0/toolchain/avr8/avr8-gnu-toolchain/bin/../lib/gcc/avr/5.4.0/avr5\libgcc.a(_divmodhi4.o)
                0x000040fa                _div
                0x000040fa                __divmodhi4
 .text.libgcc.div
                0x00004122       0x44 c:/program files (x86)/atmel/studio/7.0/toolchain/avr8/avr8-gnu-toolchain/bin/../lib/gcc/avr/5.4.0/avr5\libgcc.a(_udivmodsi4.o)
                0x00004122                __udivmodsi4
 .text.libgcc.div
                0x00004166       0x28 c:/program files (x86)/atmel/studio/7.0/toolchain/avr8/avr8-gnu-toolchain/bin/../lib/gcc/avr/5.4.0/avr5\libgcc.a(_udivmodhi4.o)
                0x00004166                __udivmodhi4
 .text.libgcc   0x0000418e        0xc c:/program files (x86)/atmel/studio/7.0/toolchain/avr8/avr8-gnu-toolchain/bin/../lib/gcc/avr/5.4.0/avr5\libgcc.a(_tablejump2.o)
                0x0000418e                __tablejump2__
 .text.avr-libc
                0x0000419a      0x242 c:/program files (x86)/atmel/studio/7.0/toolchain/avr8/avr8-gnu-toolchain/bin/../lib/gcc/avr/5.4.0/../../../../avr/lib/avr5\libc.a(malloc.o)
                0x0000419a                malloc
                0x000042ca                free
 .text.avr-libc
                0x000043dc      0x18c c:/program files (x86)/atmel/studio/7.0/toolchain/avr8/avr8-gnu-toolchain/bin/../lib/gcc/avr/5.4.0/../../../../avr/lib/avr5\libc.a(realloc.o)
                0x000043dc                realloc
 .text.avr-libc
                0x00004568       0x12 c:/program files (x86)/atmel/studio/7.0/toolchain/avr8/avr8-gnu-toolchain/bin/../lib/gcc/avr/5.4.0/../../../../avr/lib/avr5\libc.a(memcpy.o)
                0x00004568                memcpy
 .text.avr-libc
                0x0000457a        0xe c:/program files (x86)/atmel/studio/7.0/toolchain/avr8/avr8-gnu-toolchain/bin/../lib/gcc/avr/5.4.0/../../../../avr/lib/avr5\libc.a(strcpy.o)
                0x0000457a                strcpy
 .text.avr-libc
                0x00004588       0x16 c:/program files (x86)/atmel/studio/7.0/toolchain/avr8/avr8-gnu-toolchain/bin/../lib/gcc/avr/5.4.0/../../../../avr/lib/avr5\libc.a(itoa.o)
                0x00004588                __itoa
                0x00004588                itoa
 .text.avr-libc
                0x0000459e       0x16 c:/program files (x86)/atmel/studio/7.0/toolchain/avr8/avr8-gnu-toolchain/bin/../lib/gcc/avr/5.4.0/../../../../avr/lib/avr5\libc.a(itoa_ncheck.o)
                0x0000459e                __itoa_ncheck
 .text.avr-libc
                0x000045b4       0x34 c:/program files (x86)/atmel/studio/7.0/toolchain/avr8/avr8-gnu-toolchain/bin/../lib/gcc/avr/5.4.0/../../../../avr/lib/avr5\libc.a(utoa_ncheck.o)
                0x000045b4                __utoa_ncheck
                0x000045b6                __utoa_common
 .text.avr-libc
                0x000045e8       0x20 c:/program files (x86)/atmel/studio/7.0/toolchain/avr8/avr8-gnu-toolchain/bin/../lib/gcc/avr/5.4.0/../../../../avr/lib/avr5\libc.a(strrev.o)
                0x000045e8                strrev
 .text.avr-libc
                0x00004608       0x10 C:/Program Files (x86)/Atmel/Studio/7.0/Packs/atmel/ATmega_DFP/1.2.209/gcc/dev/atmega328p/avr5\libatmega328p.a(eerd_byte.o)
                0x00004608                eeprom_read_byte
 .text.avr-libc
                0x00004618       0x1c C:/Program Files (x86)/Atmel/Studio/7.0/Packs/atmel/ATmega_DFP/1.2.209/gcc/dev/atmega328p/avr5\libatmega328p.a(eewr_byte.o)
                0x00004618                eeprom_write_byte
                0x0000461a                eeprom_write_r18
 .text.libgcc.prologue
                0x00004634       0x38 c:/program files (x86)/atmel/studio/7.0/toolchain/avr8/avr8-gnu-toolchain/bin/../lib/gcc/avr/5.4.0/avr5\libgcc.a(_prologue.o)
                0x00004634                __prologue_saves__
 .text.libgcc.prologue
                0x0000466c       0x36 c:/program files (x86)/atmel/studio/7.0/toolchain/avr8/avr8-gnu-toolchain/bin/../lib/gcc/avr/5.4.0/avr5\libgcc.a(_epilogue.o)
                0x0000466c                __epilogue_restores__
                0x000046a2                . = ALIGN (0x2)
 *(.fini9)
 .fini9         0x000046a2        0x0 c:/program files (x86)/atmel/studio/7.0/toolchain/avr8/avr8-gnu-toolchain/bin/../lib/gcc/avr/5.4.0/avr5\libgcc.a(_exit.o)
                0x000046a2                _exit
                0x000046a2                exit
 *(.fini9)
 *(.fini8)
 *(.fini8)
 *(.fini7)
 *(.fini7)
 *(.fini6)
 *(.fini6)
 *(.fini5)
 *(.fini5)
 *(.fini4)
 *(.fini4)
 *(.fini3)
 *(.fini3)
 *(.fini2)
 *(.fini2)
 *(.fini1)
 *(.fini1)
 *(.fini0)
 .fini0         0x000046a2        0x4 c:/program files (x86)/atmel/studio/7.0/toolchain/avr8/avr8-gnu-toolchain/bin/../lib/gcc/avr/5.4.0/avr5\libgcc.a(_exit.o)
 *(.fini0)
                0x000046a6                _etext = .

.data           0x00800100      0x194 load address 0x000046a6
                0x00800100                PROVIDE (__data_start, .)
 *(.data)
 .data          0x00800100        0x6 c:/program files (x86)/atmel/studio/7.0/toolchain/avr8/avr8-gnu-toolchain/bin/../lib/gcc/avr/5.4.0/../../../../avr/lib/avr5\libc.a(malloc.o)
                0x00800100                __malloc_heap_end
                0x00800102                __malloc_heap_start
                0x00800104                __malloc_margin
 *(.data*)
 .data._oldCurrenButtonClick
                0x00800106        0x2 Sketch.o
                0x00800106                _oldCurrenButtonClick
 .data._strVer  0x00800108        0x2 Sketch.o
                0x00800108                _strVer
 .data.intFunc  0x0080010a        0x4 R:\AVR\arduino\Power_supply\Code\Power_supply\Power_supply\ArduinoCore\Debug\libArduinoCore.a(WInterrupts.o)
 .data.analog_reference
                0x0080010e        0x1 R:\AVR\arduino\Power_supply\Code\Power_supply\Power_supply\ArduinoCore\Debug\libArduinoCore.a(wiring_analog.o)
                0x0080010e                analog_reference
 *(.gnu.linkonce.d*)
 *(.rodata)
 .rodata        0x0080010f        0x8 src/libraries/LiquidCrystal_I2C/src/LiquidCrystal_I2C.o
 *(.rodata*)
 .rodata._ZTV16LinarCoolerMotor
                0x00800117        0xc CoolerMotor/LinarCoolerMotor.o
                0x00800117                _ZTV16LinarCoolerMotor
 .rodata.str1.1
                0x00800123       0x69 Display/Display16x2.o
                                 0x6e (size before relaxing)
 .rodata._ZTV11Display16x2
                0x0080018c       0x28 Display/Display16x2.o
                0x0080018c                _ZTV11Display16x2
 .rodata._ZTV7FanMode
                0x008001b4       0x1e Mode/FanMode.o
                0x008001b4                _ZTV7FanMode
 .rodata._ZTV7OFFMode
                0x008001d2       0x1e Mode/OFFMode.o
                0x008001d2                _ZTV7OFFMode
 .rodata._ZTV9PowerMode
                0x008001f0       0x1e Mode/PowerMode.o
                0x008001f0                _ZTV9PowerMode
 .rodata._ZTV16SetAmperagedMode
                0x0080020e       0x1e Mode/SetAmperagedMode.o
                0x0080020e                _ZTV16SetAmperagedMode
 .rodata._ZTV14SetVoltageMode
                0x0080022c       0x1e Mode/SetVoltageMode.o
                0x0080022c                _ZTV14SetVoltageMode
 .rodata._ZTV12StandardMode
                0x0080024a       0x1e Mode/StandardMode.o
                0x0080024a                _ZTV12StandardMode
 .rodata.str1.1
                0x00800268        0x8 Sketch.o
 .rodata.CSWTCH.70
                0x00800270        0x6 src/libraries/DallasTemperature/DallasTemperature.o
 .rodata._ZTV17LiquidCrystal_I2C
                0x00800276        0xc src/libraries/LiquidCrystal_I2C/src/LiquidCrystal_I2C.o
                0x00800276                _ZTV17LiquidCrystal_I2C
 .rodata._ZTV7TwoWire
                0x00800282       0x12 src/libraries/Wire/src/Wire.o
                0x00800282                _ZTV7TwoWire
 *(.gnu.linkonce.r*)
                0x00800294                . = ALIGN (0x2)
                0x00800294                _edata = .
                0x00800294                PROVIDE (__data_end, .)

.bss            0x00800294       0xec
                0x00800294                PROVIDE (__bss_start, .)
 *(.bss)
 *(.bss*)
 .bss._mode     0x00800294        0x2 Sketch.o
                0x00800294                _mode
 .bss._oldMode  0x00800296        0x2 Sketch.o
                0x00800296                _oldMode
 .bss._fanMode  0x00800298        0x2 Sketch.o
                0x00800298                _fanMode
 .bss._modesArray
                0x0080029a        0x2 Sketch.o
                0x0080029a                _modesArray
 .bss._disply   0x0080029c        0x2 Sketch.o
                0x0080029c                _disply
 .bss._countEncoderButtonClick
                0x0080029e        0x2 Sketch.o
                0x0080029e                _countEncoderButtonClick
 .bss._temperatuerFuse
                0x008002a0        0x1 Sketch.o
                0x008002a0                _temperatuerFuse
 .bss._currentTemperature
                0x008002a1        0x2 Sketch.o
                0x008002a1                _currentTemperature
 .bss._dallasSensors
                0x008002a3        0x2 Sketch.o
                0x008002a3                _dallasSensors
 .bss._oneWire  0x008002a5        0x2 Sketch.o
                0x008002a5                _oneWire
 .bss._timerRegEncoderButtonId
                0x008002a7        0x2 Sketch.o
                0x008002a7                _timerRegEncoderButtonId
 .bss._timerUpdateTemperatureId
                0x008002a9        0x2 Sketch.o
                0x008002a9                _timerUpdateTemperatureId
 .bss._timerPressButtonTimeId
                0x008002ab        0x2 Sketch.o
                0x008002ab                _timerPressButtonTimeId
 .bss._timerSelectModeResetId
                0x008002ad        0x2 Sketch.o
                0x008002ad                _timerSelectModeResetId
 .bss._timerPressButtonTime
                0x008002af        0x2 Sketch.o
                0x008002af                _timerPressButtonTime
 .bss._timer    0x008002b1        0x2 Sketch.o
                0x008002b1                _timer
 .bss.twi_error
                0x008002b3        0x1 src/libraries/Wire/src/utility/twi.o
 .bss.twi_rxBufferIndex
                0x008002b4        0x1 src/libraries/Wire/src/utility/twi.o
 .bss.twi_rxBuffer
                0x008002b5       0x20 src/libraries/Wire/src/utility/twi.o
 .bss.twi_txBufferLength
                0x008002d5        0x1 src/libraries/Wire/src/utility/twi.o
 .bss.twi_txBufferIndex
                0x008002d6        0x1 src/libraries/Wire/src/utility/twi.o
 .bss.twi_txBuffer
                0x008002d7       0x20 src/libraries/Wire/src/utility/twi.o
 .bss.twi_masterBufferLength
                0x008002f7        0x1 src/libraries/Wire/src/utility/twi.o
 .bss.twi_masterBufferIndex
                0x008002f8        0x1 src/libraries/Wire/src/utility/twi.o
 .bss.twi_masterBuffer
                0x008002f9       0x20 src/libraries/Wire/src/utility/twi.o
 .bss.twi_onSlaveReceive
                0x00800319        0x2 src/libraries/Wire/src/utility/twi.o
 .bss.twi_onSlaveTransmit
                0x0080031b        0x2 src/libraries/Wire/src/utility/twi.o
 .bss.twi_inRepStart
                0x0080031d        0x1 src/libraries/Wire/src/utility/twi.o
 .bss.twi_sendStop
                0x0080031e        0x1 src/libraries/Wire/src/utility/twi.o
 .bss.twi_slarw
                0x0080031f        0x1 src/libraries/Wire/src/utility/twi.o
 .bss.twi_state
                0x00800320        0x1 src/libraries/Wire/src/utility/twi.o
 .bss.Wire      0x00800321        0xc src/libraries/Wire/src/Wire.o
                0x00800321                Wire
 .bss._ZN7TwoWire12transmittingE
                0x0080032d        0x1 src/libraries/Wire/src/Wire.o
                0x0080032d                _ZN7TwoWire12transmittingE
 .bss._ZN7TwoWire14txBufferLengthE
                0x0080032e        0x1 src/libraries/Wire/src/Wire.o
                0x0080032e                _ZN7TwoWire14txBufferLengthE
 .bss._ZN7TwoWire13txBufferIndexE
                0x0080032f        0x1 src/libraries/Wire/src/Wire.o
                0x0080032f                _ZN7TwoWire13txBufferIndexE
 .bss._ZN7TwoWire8txBufferE
                0x00800330       0x20 src/libraries/Wire/src/Wire.o
                0x00800330                _ZN7TwoWire8txBufferE
 .bss._ZN7TwoWire9txAddressE
                0x00800350        0x1 src/libraries/Wire/src/Wire.o
                0x00800350                _ZN7TwoWire9txAddressE
 .bss._ZN7TwoWire14rxBufferLengthE
                0x00800351        0x1 src/libraries/Wire/src/Wire.o
                0x00800351                _ZN7TwoWire14rxBufferLengthE
 .bss._ZN7TwoWire13rxBufferIndexE
                0x00800352        0x1 src/libraries/Wire/src/Wire.o
                0x00800352                _ZN7TwoWire13rxBufferIndexE
 .bss._ZN7TwoWire8rxBufferE
                0x00800353       0x20 src/libraries/Wire/src/Wire.o
                0x00800353                _ZN7TwoWire8rxBufferE
 .bss.timer0_fract
                0x00800373        0x1 R:\AVR\arduino\Power_supply\Code\Power_supply\Power_supply\ArduinoCore\Debug\libArduinoCore.a(wiring.o)
 .bss.timer0_millis
                0x00800374        0x4 R:\AVR\arduino\Power_supply\Code\Power_supply\Power_supply\ArduinoCore\Debug\libArduinoCore.a(wiring.o)
                0x00800374                timer0_millis
 .bss.timer0_overflow_count
                0x00800378        0x4 R:\AVR\arduino\Power_supply\Code\Power_supply\Power_supply\ArduinoCore\Debug\libArduinoCore.a(wiring.o)
                0x00800378                timer0_overflow_count
 *(COMMON)
 COMMON         0x0080037c        0x4 c:/program files (x86)/atmel/studio/7.0/toolchain/avr8/avr8-gnu-toolchain/bin/../lib/gcc/avr/5.4.0/../../../../avr/lib/avr5\libc.a(malloc.o)
                0x0080037c                __brkval
                0x0080037e                __flp
                0x00800380                PROVIDE (__bss_end, .)
                0x000046a6                __data_load_start = LOADADDR (.data)
                0x0000483a                __data_load_end = (__data_load_start + SIZEOF (.data))

.noinit         0x00800380        0x0
                [!provide]                PROVIDE (__noinit_start, .)
 *(.noinit*)
                [!provide]                PROVIDE (__noinit_end, .)
                0x00800380                _end = .
                0x00800380                PROVIDE (__heap_start, .)

.eeprom         0x00810000        0x0
 *(.eeprom*)
                0x00810000                __eeprom_end = .

.fuse
 *(.fuse)
 *(.lfuse)
 *(.hfuse)
 *(.efuse)

.lock
 *(.lock*)

.signature
 *(.signature*)

.user_signatures
 *(.user_signatures*)

.stab
 *(.stab)

.stabstr
 *(.stabstr)

.stab.excl
 *(.stab.excl)

.stab.exclstr
 *(.stab.exclstr)

.stab.index
 *(.stab.index)

.stab.indexstr
 *(.stab.indexstr)

.comment        0x00000000       0x30
 *(.comment)
 .comment       0x00000000       0x30 CoolerMotor/LinarCoolerMotor.o
                                 0x31 (size before relaxing)
 .comment       0x00000030       0x31 Display/Display16x2.o
 .comment       0x00000030       0x31 Mode/FanMode.o
 .comment       0x00000030       0x31 Mode/OFFMode.o
 .comment       0x00000030       0x31 Mode/PowerMode.o
 .comment       0x00000030       0x31 Mode/SetAmperagedMode.o
 .comment       0x00000030       0x31 Mode/SetVoltageMode.o
 .comment       0x00000030       0x31 Mode/StandardMode.o
 .comment       0x00000030       0x31 Sketch.o
 .comment       0x00000030       0x31 src/libraries/DallasTemperature/DallasTemperature.o
 .comment       0x00000030       0x31 src/libraries/LiquidCrystal_I2C/src/LiquidCrystal_I2C.o
 .comment       0x00000030       0x31 src/libraries/OneWire/src/OneWire.o
 .comment       0x00000030       0x31 src/libraries/SimpleTimer/SimpleTimer.o
 .comment       0x00000030       0x31 src/libraries/Wire/src/utility/twi.o
 .comment       0x00000030       0x31 src/libraries/Wire/src/Wire.o
 .comment       0x00000030       0x31 R:\AVR\arduino\Power_supply\Code\Power_supply\Power_supply\ArduinoCore\Debug\libArduinoCore.a(main.o)
 .comment       0x00000030       0x31 R:\AVR\arduino\Power_supply\Code\Power_supply\Power_supply\ArduinoCore\Debug\libArduinoCore.a(new.o)
 .comment       0x00000030       0x31 R:\AVR\arduino\Power_supply\Code\Power_supply\Power_supply\ArduinoCore\Debug\libArduinoCore.a(Print.o)
 .comment       0x00000030       0x31 R:\AVR\arduino\Power_supply\Code\Power_supply\Power_supply\ArduinoCore\Debug\libArduinoCore.a(WInterrupts.o)
 .comment       0x00000030       0x31 R:\AVR\arduino\Power_supply\Code\Power_supply\Power_supply\ArduinoCore\Debug\libArduinoCore.a(wiring.o)
 .comment       0x00000030       0x31 R:\AVR\arduino\Power_supply\Code\Power_supply\Power_supply\ArduinoCore\Debug\libArduinoCore.a(wiring_analog.o)
 .comment       0x00000030       0x31 R:\AVR\arduino\Power_supply\Code\Power_supply\Power_supply\ArduinoCore\Debug\libArduinoCore.a(wiring_digital.o)
 .comment       0x00000030       0x31 R:\AVR\arduino\Power_supply\Code\Power_supply\Power_supply\ArduinoCore\Debug\libArduinoCore.a(WString.o)
 .comment       0x00000030       0x31 R:\AVR\arduino\Power_supply\Code\Power_supply\Power_supply\ArduinoCore\Debug\libArduinoCore.a(hooks.o)
 .comment       0x00000030       0x31 c:/program files (x86)/atmel/studio/7.0/toolchain/avr8/avr8-gnu-toolchain/bin/../lib/gcc/avr/5.4.0/../../../../avr/lib/avr5\libc.a(malloc.o)
 .comment       0x00000030       0x31 c:/program files (x86)/atmel/studio/7.0/toolchain/avr8/avr8-gnu-toolchain/bin/../lib/gcc/avr/5.4.0/../../../../avr/lib/avr5\libc.a(realloc.o)

.note.gnu.avr.deviceinfo
                0x00000000       0x40
 .note.gnu.avr.deviceinfo
                0x00000000       0x40 C:/Program Files (x86)/Atmel/Studio/7.0/Packs/atmel/ATmega_DFP/1.2.209/gcc/dev/atmega328p/avr5/crtatmega328p.o

.note.gnu.build-id
 *(.note.gnu.build-id)

.debug
 *(.debug)

.line
 *(.line)

.debug_srcinfo
 *(.debug_srcinfo)

.debug_sfnames
 *(.debug_sfnames)

.debug_aranges  0x00000000      0xef0
 *(.debug_aranges)
 .debug_aranges
                0x00000000       0x48 CoolerMotor/LinarCoolerMotor.o
 .debug_aranges
                0x00000048       0xc0 Display/Display16x2.o
 .debug_aranges
                0x00000108       0x60 Mode/FanMode.o
 .debug_aranges
                0x00000168       0x50 Mode/OFFMode.o
 .debug_aranges
                0x000001b8       0x50 Mode/PowerMode.o
 .debug_aranges
                0x00000208       0x88 Mode/SetAmperagedMode.o
 .debug_aranges
                0x00000290       0x90 Mode/SetVoltageMode.o
 .debug_aranges
                0x00000320       0x50 Mode/StandardMode.o
 .debug_aranges
                0x00000370       0xa8 Sketch.o
 .debug_aranges
                0x00000418      0x1c8 src/libraries/DallasTemperature/DallasTemperature.o
 .debug_aranges
                0x000005e0      0x118 src/libraries/LiquidCrystal_I2C/src/LiquidCrystal_I2C.o
 .debug_aranges
                0x000006f8       0xa0 src/libraries/OneWire/src/OneWire.o
 .debug_aranges
                0x00000798       0x80 src/libraries/SimpleTimer/SimpleTimer.o
 .debug_aranges
                0x00000818       0x80 src/libraries/Wire/src/utility/twi.o
 .debug_aranges
                0x00000898       0xf8 src/libraries/Wire/src/Wire.o
 .debug_aranges
                0x00000990       0x30 R:\AVR\arduino\Power_supply\Code\Power_supply\Power_supply\ArduinoCore\Debug\libArduinoCore.a(main.o)
 .debug_aranges
                0x000009c0       0x28 R:\AVR\arduino\Power_supply\Code\Power_supply\Power_supply\ArduinoCore\Debug\libArduinoCore.a(new.o)
 .debug_aranges
                0x000009e8      0x100 R:\AVR\arduino\Power_supply\Code\Power_supply\Power_supply\ArduinoCore\Debug\libArduinoCore.a(Print.o)
 .debug_aranges
                0x00000ae8       0x40 R:\AVR\arduino\Power_supply\Code\Power_supply\Power_supply\ArduinoCore\Debug\libArduinoCore.a(WInterrupts.o)
 .debug_aranges
                0x00000b28       0x48 R:\AVR\arduino\Power_supply\Code\Power_supply\Power_supply\ArduinoCore\Debug\libArduinoCore.a(wiring.o)
 .debug_aranges
                0x00000b70       0x30 R:\AVR\arduino\Power_supply\Code\Power_supply\Power_supply\ArduinoCore\Debug\libArduinoCore.a(wiring_analog.o)
 .debug_aranges
                0x00000ba0       0x38 R:\AVR\arduino\Power_supply\Code\Power_supply\Power_supply\ArduinoCore\Debug\libArduinoCore.a(wiring_digital.o)
 .debug_aranges
                0x00000bd8      0x2b8 R:\AVR\arduino\Power_supply\Code\Power_supply\Power_supply\ArduinoCore\Debug\libArduinoCore.a(WString.o)
 .debug_aranges
                0x00000e90       0x20 R:\AVR\arduino\Power_supply\Code\Power_supply\Power_supply\ArduinoCore\Debug\libArduinoCore.a(hooks.o)
 .debug_aranges
                0x00000eb0       0x20 C:/Program Files (x86)/Atmel/Studio/7.0/Packs/atmel/ATmega_DFP/1.2.209/gcc/dev/atmega328p/avr5\libatmega328p.a(eerd_byte.o)
 .debug_aranges
                0x00000ed0       0x20 C:/Program Files (x86)/Atmel/Studio/7.0/Packs/atmel/ATmega_DFP/1.2.209/gcc/dev/atmega328p/avr5\libatmega328p.a(eewr_byte.o)

.debug_pubnames
 *(.debug_pubnames)

.debug_info     0x00000000    0x23c7c
 *(.debug_info .gnu.linkonce.wi.*)
 .debug_info    0x00000000      0x5f4 C:/Program Files (x86)/Atmel/Studio/7.0/Packs/atmel/ATmega_DFP/1.2.209/gcc/dev/atmega328p/avr5/crtatmega328p.o
 .debug_info    0x000005f4      0x623 CoolerMotor/LinarCoolerMotor.o
 .debug_info    0x00000c17     0x2cd9 Display/Display16x2.o
 .debug_info    0x000038f0     0x1eb2 Mode/FanMode.o
 .debug_info    0x000057a2     0x1ceb Mode/OFFMode.o
 .debug_info    0x0000748d     0x1d82 Mode/PowerMode.o
 .debug_info    0x0000920f     0x2871 Mode/SetAmperagedMode.o
 .debug_info    0x0000ba80     0x297f Mode/SetVoltageMode.o
 .debug_info    0x0000e3ff     0x1cf6 Mode/StandardMode.o
 .debug_info    0x000100f5     0x37cf Sketch.o
 .debug_info    0x000138c4     0x29f3 src/libraries/DallasTemperature/DallasTemperature.o
 .debug_info    0x000162b7     0x1508 src/libraries/LiquidCrystal_I2C/src/LiquidCrystal_I2C.o
 .debug_info    0x000177bf      0xf04 src/libraries/OneWire/src/OneWire.o
 .debug_info    0x000186c3      0x98f src/libraries/SimpleTimer/SimpleTimer.o
 .debug_info    0x00019052      0x604 src/libraries/Wire/src/utility/twi.o
 .debug_info    0x00019656     0x27b4 src/libraries/Wire/src/Wire.o
 .debug_info    0x0001be0a      0x237 R:\AVR\arduino\Power_supply\Code\Power_supply\Power_supply\ArduinoCore\Debug\libArduinoCore.a(main.o)
 .debug_info    0x0001c041      0x11c R:\AVR\arduino\Power_supply\Code\Power_supply\Power_supply\ArduinoCore\Debug\libArduinoCore.a(new.o)
 .debug_info    0x0001c15d     0x28ff R:\AVR\arduino\Power_supply\Code\Power_supply\Power_supply\ArduinoCore\Debug\libArduinoCore.a(Print.o)
 .debug_info    0x0001ea5c      0x21c R:\AVR\arduino\Power_supply\Code\Power_supply\Power_supply\ArduinoCore\Debug\libArduinoCore.a(WInterrupts.o)
 .debug_info    0x0001ec78      0x2cb R:\AVR\arduino\Power_supply\Code\Power_supply\Power_supply\ArduinoCore\Debug\libArduinoCore.a(wiring.o)
 .debug_info    0x0001ef43      0x26d R:\AVR\arduino\Power_supply\Code\Power_supply\Power_supply\ArduinoCore\Debug\libArduinoCore.a(wiring_analog.o)
 .debug_info    0x0001f1b0      0x5fe R:\AVR\arduino\Power_supply\Code\Power_supply\Power_supply\ArduinoCore\Debug\libArduinoCore.a(wiring_digital.o)
 .debug_info    0x0001f7ae     0x4338 R:\AVR\arduino\Power_supply\Code\Power_supply\Power_supply\ArduinoCore\Debug\libArduinoCore.a(WString.o)
 .debug_info    0x00023ae6       0x3e R:\AVR\arduino\Power_supply\Code\Power_supply\Power_supply\ArduinoCore\Debug\libArduinoCore.a(hooks.o)
 .debug_info    0x00023b24       0xac C:/Program Files (x86)/Atmel/Studio/7.0/Packs/atmel/ATmega_DFP/1.2.209/gcc/dev/atmega328p/avr5\libatmega328p.a(eerd_byte.o)
 .debug_info    0x00023bd0       0xac C:/Program Files (x86)/Atmel/Studio/7.0/Packs/atmel/ATmega_DFP/1.2.209/gcc/dev/atmega328p/avr5\libatmega328p.a(eewr_byte.o)

.debug_abbrev   0x00000000     0x5371
 *(.debug_abbrev)
 .debug_abbrev  0x00000000      0x5a2 C:/Program Files (x86)/Atmel/Studio/7.0/Packs/atmel/ATmega_DFP/1.2.209/gcc/dev/atmega328p/avr5/crtatmega328p.o
 .debug_abbrev  0x000005a2      0x2d9 CoolerMotor/LinarCoolerMotor.o
 .debug_abbrev  0x0000087b      0x4a7 Display/Display16x2.o
 .debug_abbrev  0x00000d22      0x43f Mode/FanMode.o
 .debug_abbrev  0x00001161      0x3be Mode/OFFMode.o
 .debug_abbrev  0x0000151f      0x3d0 Mode/PowerMode.o
 .debug_abbrev  0x000018ef      0x4eb Mode/SetAmperagedMode.o
 .debug_abbrev  0x00001dda      0x512 Mode/SetVoltageMode.o
 .debug_abbrev  0x000022ec      0x3c1 Mode/StandardMode.o
 .debug_abbrev  0x000026ad      0x65d Sketch.o
 .debug_abbrev  0x00002d0a      0x474 src/libraries/DallasTemperature/DallasTemperature.o
 .debug_abbrev  0x0000317e      0x356 src/libraries/LiquidCrystal_I2C/src/LiquidCrystal_I2C.o
 .debug_abbrev  0x000034d4      0x34d src/libraries/OneWire/src/OneWire.o
 .debug_abbrev  0x00003821      0x2de src/libraries/SimpleTimer/SimpleTimer.o
 .debug_abbrev  0x00003aff      0x260 src/libraries/Wire/src/utility/twi.o
 .debug_abbrev  0x00003d5f      0x581 src/libraries/Wire/src/Wire.o
 .debug_abbrev  0x000042e0      0x12d R:\AVR\arduino\Power_supply\Code\Power_supply\Power_supply\ArduinoCore\Debug\libArduinoCore.a(main.o)
 .debug_abbrev  0x0000440d       0xce R:\AVR\arduino\Power_supply\Code\Power_supply\Power_supply\ArduinoCore\Debug\libArduinoCore.a(new.o)
 .debug_abbrev  0x000044db      0x47a R:\AVR\arduino\Power_supply\Code\Power_supply\Power_supply\ArduinoCore\Debug\libArduinoCore.a(Print.o)
 .debug_abbrev  0x00004955       0xfc R:\AVR\arduino\Power_supply\Code\Power_supply\Power_supply\ArduinoCore\Debug\libArduinoCore.a(WInterrupts.o)
 .debug_abbrev  0x00004a51      0x146 R:\AVR\arduino\Power_supply\Code\Power_supply\Power_supply\ArduinoCore\Debug\libArduinoCore.a(wiring.o)
 .debug_abbrev  0x00004b97      0x16b R:\AVR\arduino\Power_supply\Code\Power_supply\Power_supply\ArduinoCore\Debug\libArduinoCore.a(wiring_analog.o)
 .debug_abbrev  0x00004d02      0x15b R:\AVR\arduino\Power_supply\Code\Power_supply\Power_supply\ArduinoCore\Debug\libArduinoCore.a(wiring_digital.o)
 .debug_abbrev  0x00004e5d      0x4c2 R:\AVR\arduino\Power_supply\Code\Power_supply\Power_supply\ArduinoCore\Debug\libArduinoCore.a(WString.o)
 .debug_abbrev  0x0000531f       0x2a R:\AVR\arduino\Power_supply\Code\Power_supply\Power_supply\ArduinoCore\Debug\libArduinoCore.a(hooks.o)
 .debug_abbrev  0x00005349       0x14 C:/Program Files (x86)/Atmel/Studio/7.0/Packs/atmel/ATmega_DFP/1.2.209/gcc/dev/atmega328p/avr5\libatmega328p.a(eerd_byte.o)
 .debug_abbrev  0x0000535d       0x14 C:/Program Files (x86)/Atmel/Studio/7.0/Packs/atmel/ATmega_DFP/1.2.209/gcc/dev/atmega328p/avr5\libatmega328p.a(eewr_byte.o)

.debug_line     0x00000000     0x75af
 *(.debug_line .debug_line.* .debug_line_end)
 .debug_line    0x00000000      0x133 C:/Program Files (x86)/Atmel/Studio/7.0/Packs/atmel/ATmega_DFP/1.2.209/gcc/dev/atmega328p/avr5/crtatmega328p.o
 .debug_line    0x00000133      0x223 CoolerMotor/LinarCoolerMotor.o
 .debug_line    0x00000356      0x726 Display/Display16x2.o
 .debug_line    0x00000a7c      0x289 Mode/FanMode.o
 .debug_line    0x00000d05      0x21b Mode/OFFMode.o
 .debug_line    0x00000f20      0x247 Mode/PowerMode.o
 .debug_line    0x00001167      0x485 Mode/SetAmperagedMode.o
 .debug_line    0x000015ec      0x4ea Mode/SetVoltageMode.o
 .debug_line    0x00001ad6      0x231 Mode/StandardMode.o
 .debug_line    0x00001d07      0x775 Sketch.o
 .debug_line    0x0000247c      0xcb1 src/libraries/DallasTemperature/DallasTemperature.o
 .debug_line    0x0000312d      0x715 src/libraries/LiquidCrystal_I2C/src/LiquidCrystal_I2C.o
 .debug_line    0x00003842      0x716 src/libraries/OneWire/src/OneWire.o
 .debug_line    0x00003f58      0x442 src/libraries/SimpleTimer/SimpleTimer.o
 .debug_line    0x0000439a      0x52e src/libraries/Wire/src/utility/twi.o
 .debug_line    0x000048c8      0x608 src/libraries/Wire/src/Wire.o
 .debug_line    0x00004ed0      0x17a R:\AVR\arduino\Power_supply\Code\Power_supply\Power_supply\ArduinoCore\Debug\libArduinoCore.a(main.o)
 .debug_line    0x0000504a      0x12f R:\AVR\arduino\Power_supply\Code\Power_supply\Power_supply\ArduinoCore\Debug\libArduinoCore.a(new.o)
 .debug_line    0x00005179      0x69a R:\AVR\arduino\Power_supply\Code\Power_supply\Power_supply\ArduinoCore\Debug\libArduinoCore.a(Print.o)
 .debug_line    0x00005813      0x1b5 R:\AVR\arduino\Power_supply\Code\Power_supply\Power_supply\ArduinoCore\Debug\libArduinoCore.a(WInterrupts.o)
 .debug_line    0x000059c8      0x2ae R:\AVR\arduino\Power_supply\Code\Power_supply\Power_supply\ArduinoCore\Debug\libArduinoCore.a(wiring.o)
 .debug_line    0x00005c76      0x224 R:\AVR\arduino\Power_supply\Code\Power_supply\Power_supply\ArduinoCore\Debug\libArduinoCore.a(wiring_analog.o)
 .debug_line    0x00005e9a      0x267 R:\AVR\arduino\Power_supply\Code\Power_supply\Power_supply\ArduinoCore\Debug\libArduinoCore.a(wiring_digital.o)
 .debug_line    0x00006101     0x1355 R:\AVR\arduino\Power_supply\Code\Power_supply\Power_supply\ArduinoCore\Debug\libArduinoCore.a(WString.o)
 .debug_line    0x00007456       0x41 R:\AVR\arduino\Power_supply\Code\Power_supply\Power_supply\ArduinoCore\Debug\libArduinoCore.a(hooks.o)
 .debug_line    0x00007497       0x7a C:/Program Files (x86)/Atmel/Studio/7.0/Packs/atmel/ATmega_DFP/1.2.209/gcc/dev/atmega328p/avr5\libatmega328p.a(eerd_byte.o)
 .debug_line    0x00007511       0x9e C:/Program Files (x86)/Atmel/Studio/7.0/Packs/atmel/ATmega_DFP/1.2.209/gcc/dev/atmega328p/avr5\libatmega328p.a(eewr_byte.o)

.debug_frame    0x00000000     0x2f1c
 *(.debug_frame)
 .debug_frame   0x00000000       0x8c CoolerMotor/LinarCoolerMotor.o
 .debug_frame   0x0000008c      0x370 Display/Display16x2.o
 .debug_frame   0x000003fc       0xe4 Mode/FanMode.o
 .debug_frame   0x000004e0       0x90 Mode/OFFMode.o
 .debug_frame   0x00000570       0xa4 Mode/PowerMode.o
 .debug_frame   0x00000614      0x1c4 Mode/SetAmperagedMode.o
 .debug_frame   0x000007d8      0x1f0 Mode/SetVoltageMode.o
 .debug_frame   0x000009c8       0xa4 Mode/StandardMode.o
 .debug_frame   0x00000a6c      0x1a8 Sketch.o
 .debug_frame   0x00000c14      0x718 src/libraries/DallasTemperature/DallasTemperature.o
 .debug_frame   0x0000132c      0x29c src/libraries/LiquidCrystal_I2C/src/LiquidCrystal_I2C.o
 .debug_frame   0x000015c8      0x258 src/libraries/OneWire/src/OneWire.o
 .debug_frame   0x00001820      0x1e4 src/libraries/SimpleTimer/SimpleTimer.o
 .debug_frame   0x00001a04      0x134 src/libraries/Wire/src/utility/twi.o
 .debug_frame   0x00001b38      0x284 src/libraries/Wire/src/Wire.o
 .debug_frame   0x00001dbc       0x54 R:\AVR\arduino\Power_supply\Code\Power_supply\Power_supply\ArduinoCore\Debug\libArduinoCore.a(main.o)
 .debug_frame   0x00001e10       0x54 R:\AVR\arduino\Power_supply\Code\Power_supply\Power_supply\ArduinoCore\Debug\libArduinoCore.a(new.o)
 .debug_frame   0x00001e64      0x3ac R:\AVR\arduino\Power_supply\Code\Power_supply\Power_supply\ArduinoCore\Debug\libArduinoCore.a(Print.o)
 .debug_frame   0x00002210       0xf4 R:\AVR\arduino\Power_supply\Code\Power_supply\Power_supply\ArduinoCore\Debug\libArduinoCore.a(WInterrupts.o)
 .debug_frame   0x00002304       0xc4 R:\AVR\arduino\Power_supply\Code\Power_supply\Power_supply\ArduinoCore\Debug\libArduinoCore.a(wiring.o)
 .debug_frame   0x000023c8       0x54 R:\AVR\arduino\Power_supply\Code\Power_supply\Power_supply\ArduinoCore\Debug\libArduinoCore.a(wiring_analog.o)
 .debug_frame   0x0000241c       0x7c R:\AVR\arduino\Power_supply\Code\Power_supply\Power_supply\ArduinoCore\Debug\libArduinoCore.a(wiring_digital.o)
 .debug_frame   0x00002498      0xa60 R:\AVR\arduino\Power_supply\Code\Power_supply\Power_supply\ArduinoCore\Debug\libArduinoCore.a(WString.o)
 .debug_frame   0x00002ef8       0x24 R:\AVR\arduino\Power_supply\Code\Power_supply\Power_supply\ArduinoCore\Debug\libArduinoCore.a(hooks.o)

.debug_str      0x00000000     0x65f8
 *(.debug_str)
 .debug_str     0x00000000      0x208 C:/Program Files (x86)/Atmel/Studio/7.0/Packs/atmel/ATmega_DFP/1.2.209/gcc/dev/atmega328p/avr5/crtatmega328p.o
 .debug_str     0x00000208      0x50e CoolerMotor/LinarCoolerMotor.o
                                0x57b (size before relaxing)
 .debug_str     0x00000716     0x132b Display/Display16x2.o
                               0x165d (size before relaxing)
 .debug_str     0x00001a41      0x516 Mode/FanMode.o
                               0x1760 (size before relaxing)
 .debug_str     0x00001f57      0x1f8 Mode/OFFMode.o
                               0x1679 (size before relaxing)
 .debug_str     0x0000214f      0x249 Mode/PowerMode.o
                               0x16dc (size before relaxing)
 .debug_str     0x00002398      0x670 Mode/SetAmperagedMode.o
                               0x1b68 (size before relaxing)
 .debug_str     0x00002a08      0x2b3 Mode/SetVoltageMode.o
                               0x1afc (size before relaxing)
 .debug_str     0x00002cbb      0x267 Mode/StandardMode.o
                               0x16ed (size before relaxing)
 .debug_str     0x00002f22     0x1603 Sketch.o
                               0x2e30 (size before relaxing)
 .debug_str     0x00004525      0x154 src/libraries/DallasTemperature/DallasTemperature.o
                               0x132b (size before relaxing)
 .debug_str     0x00004679      0x8a4 src/libraries/LiquidCrystal_I2C/src/LiquidCrystal_I2C.o
                                0xc0d (size before relaxing)
 .debug_str     0x00004f1d      0x14d src/libraries/OneWire/src/OneWire.o
                                0x678 (size before relaxing)
 .debug_str     0x0000506a       0x74 src/libraries/SimpleTimer/SimpleTimer.o
                                0x5d1 (size before relaxing)
 .debug_str     0x000050de      0x2bb src/libraries/Wire/src/utility/twi.o
                                0x3c7 (size before relaxing)
 .debug_str     0x00005399      0x8dc src/libraries/Wire/src/Wire.o
                               0x18be (size before relaxing)
 .debug_str     0x00005c75       0xa7 R:\AVR\arduino\Power_supply\Code\Power_supply\Power_supply\ArduinoCore\Debug\libArduinoCore.a(main.o)
                                0x2ac (size before relaxing)
 .debug_str     0x00005d1c       0x3a R:\AVR\arduino\Power_supply\Code\Power_supply\Power_supply\ArduinoCore\Debug\libArduinoCore.a(new.o)
                                0x1c2 (size before relaxing)
 .debug_str     0x00005d56      0x353 R:\AVR\arduino\Power_supply\Code\Power_supply\Power_supply\ArduinoCore\Debug\libArduinoCore.a(Print.o)
                               0x123a (size before relaxing)
 .debug_str     0x000060a9       0x72 R:\AVR\arduino\Power_supply\Code\Power_supply\Power_supply\ArduinoCore\Debug\libArduinoCore.a(WInterrupts.o)
                                0x22f (size before relaxing)
 .debug_str     0x0000611b       0x6d R:\AVR\arduino\Power_supply\Code\Power_supply\Power_supply\ArduinoCore\Debug\libArduinoCore.a(wiring.o)
                                0x242 (size before relaxing)
 .debug_str     0x00006188       0x5b R:\AVR\arduino\Power_supply\Code\Power_supply\Power_supply\ArduinoCore\Debug\libArduinoCore.a(wiring_analog.o)
                                0x246 (size before relaxing)
 .debug_str     0x000061e3       0x51 R:\AVR\arduino\Power_supply\Code\Power_supply\Power_supply\ArduinoCore\Debug\libArduinoCore.a(wiring_digital.o)
                                0x2a7 (size before relaxing)
 .debug_str     0x00006234      0x3a8 R:\AVR\arduino\Power_supply\Code\Power_supply\Power_supply\ArduinoCore\Debug\libArduinoCore.a(WString.o)
                               0x118d (size before relaxing)
 .debug_str     0x000065dc       0x1c R:\AVR\arduino\Power_supply\Code\Power_supply\Power_supply\ArduinoCore\Debug\libArduinoCore.a(hooks.o)
                                0x137 (size before relaxing)

.debug_loc      0x00000000     0xf0da
 *(.debug_loc)
 .debug_loc     0x00000000      0x18c CoolerMotor/LinarCoolerMotor.o
 .debug_loc     0x0000018c     0x10ab Display/Display16x2.o
 .debug_loc     0x00001237      0x284 Mode/FanMode.o
 .debug_loc     0x000014bb      0x101 Mode/OFFMode.o